Pyrexia
Pain
Injection site erythema
Injection site pain
Pain in extremity
Headache
Erythema
Injection site swelling
Dizziness
Chills
Nausea
Rash
Pruritus
Urticaria
Hypoaesthesia
Injection site warmth
Fatigue
Oedema peripheral
Vomiting
Dyspnoea
Paraesthesia
Asthenia
Cough
Myalgia
No adverse event
Skin warm
Arthralgia
Malaise
Musculoskeletal pain
Swelling
Muscular weakness
Diarrhoea
Oropharyngeal pain
Injection site pruritus
Hyperhidrosis
Mobility decreased
Injected limb mobility decreased
Feeling hot
Rash erythematous
Syncope
Expired drug administered
Tremor
Neck pain
Injection site reaction
Immediate post-injection reaction
Guillain-Barre syndrome
Injection site rash
Gait disturbance
Rhinorrhoea
Chest discomfort
Back pain
Tenderness
Injection site induration
Activities of daily living impair
Pallor
Chest pain
Cellulitis
Body temperature increased
Feeling abnormal
Wheezing
Blood test
Musculoskeletal stiffness
Throat tightness
Insomnia
Influenza like illness
Rash generalised
Loss of consciousness
Heart rate increased
Hypersensitivity
Decreased appetite
Ocular hyperaemia
Convulsion
Swelling face
Fall
Condition aggravated
Influenza
Immunoglobulin therapy
Burning sensation
Flushing
Muscle spasms
Dysphagia
Induration
Lymphadenopathy
Unevaluable event
Lip swelling
Throat irritation
VIIth nerve paralysis
Rash pruritic
Vision blurred
Dysphonia
Nuclear magnetic resonance imagin
Local swelling
Injection site haematoma
Local reaction
Laboratory test
Contusion
Palpitations
Herpes zoster
Eye swelling
Balance disorder
Laboratory test normal
Computerised tomogram
Lethargy
Pharyngeal oedema
Pruritus generalised
Lumbar puncture
Drug administered to patient of i
Abdominal pain
Nasal congestion
Vertigo
Abdominal pain upper
Incorrect dose administered
CSF protein increased
Injection site mass
Somnolence
White blood cell count increased
Inflammation
Rash macular
Vaccination complication
Swollen tongue
Full blood count
Injection site urticaria
Paraesthesia oral
Maternal exposure during pregnanc
Injection site erythem
Blister
Feeling cold
Discomfort
Injection site nodule
Abasia
Respiratory tract congestion
X-ray
Anxiety
Joint range of motion decreased
Lacrimation increased
Tachycardia
Injection site cellulitis
Irritability
Hypoaesthesia oral
Intensive care
Blood pressure increased
Injection site swellin
Crying
Electrocardiogram
Electrocardiogram normal
Urine analysis normal
Chest X-ray
Nuclear magnetic resonan
Dyskinesia
Sensory loss
Death
Unresponsive to stimuli
Full blood count normal
Eye pruritus
Chest X-ray normal
Joint swelling
Nuclear magnetic resonance im
Axillary pain
Visual impairment
Drug administered at inappropriat
Abdominal discomfort
Areflexia
Haematocrit decreased
Eyelid oedema
Haemoglobin decreased
Nasopharyngitis
Blood glucose increased
Nuclear magnetic reson
Nuclear magnetic resona
Migraine
Skin discolouration
Injection site vesicles
Drug administered to patient of i
White blood cell count
Cold sweat
Eye pain
Periarthritis
Eye discharge
Blood test normal
Sleep disorder
Paralysis
Activities of daily living impair
Electromyogram
Dysgeusia
Electromyogram abnormal
Blood culture negative
Neuralgia
Influenza A virus test positive
Tinnitus
Skin lesion
Muscle twitching
Sensory disturbance
Chest X-ray abnormal
Confusional state
Speech disorder
Blood sodium decreased
Urine analysis
Sneezing
Hypertension
Anaphylactic reaction
Eye irritation
Dysstasia
Nuclear magnetic resonance imagin
Computerised tomogram normal
Cyanosis
Viral infection
Dehydration
Hyporeflexia
Ear pain
Blood calcium decreased
Presyncope
Dysarthria
Asthma
Febrile convulsion
Injection site oedema
Blood urea increased
Rash papular
Gaze palsy
Walking aid user
Pneumonia
Hypotension
Bursitis
Sensation of heaviness
Muscle tightness
Metabolic function test
Hypotonia
Nuclear magnetic resonance imagi
Ataxia
Electrocardiogram abnormal
Head injury
Borrelia test negative
CSF culture negative
X-ray limb normal
Neuropathy peripheral
Lymph node pain
Peripheral coldness
Vaccination site pain
Wrong drug administered
Antinuclear antibody negative
Nodule
Injection site discolouration
Rotator cuff syndrome
C-reactive protein increased
White blood cell count normal
Disorientation
Injection site inflammation
Sinus congestion
Red blood cell sedimentation rate
Myelitis transverse
Mechanical ventilation
Platelet count decreased
Hypersomnia
Computerised tomogram head
Ultrasound scan normal
Injection site pruritu
Rash vesicular
Grip strength decreased
Bone pain
X-ray normal
Endotracheal intubation
Musculoskeletal stiffnes
Photophobia
Productive cough
Streptococcus test negative
Pain in jaw
Neutrophil percentage increased
Injection site indurat
Blood glucose normal
Incorrect route of drug administr
Laboratory test abnormal
Sinusitis
Infection
Nerve conduction studies
Hot flush
Electroencephalogram
Abnormal behaviour
Maternal exposure during pregnanc
Monocyte percentage increased
Tendonitis
Diplopia
Petechiae
Epistaxis
Injection site anaesthesia
Injected limb mobility
Blood albumin decreased
Arthritis
Haemorrhage
Plasmapheresis
Blood potassium decreased
Guillain-Barre syndrom
Nerve injury
Joint stiffness
Hypokinesia
Sensation of foreign body
Red blood cells CSF positive
X-ray limb
Nervousness
Retching
Echocardiogram normal
Lymphocyte percentage
Injection site discomfort
Haemoglobin normal
Neutrophil percentage
Computerised tomogram head normal
Red blood cell sedimentation rate
Respiratory disorder
Immediate post-injection
Hyperaesthesia
Influenza virus test positive
Hemiparesis
Weight decreased
Oedema mouth
Aphasia
Culture urine negative
Abortion spontaneous
HIV test negative
Upper respiratory tract infection
Oedema
Movement disorder
Treponema test negative
Echocardiogram abnormal
Limb discomfort
Nerve conduction studies abnormal
Eye movement disorder
Influenza B virus test
Grand mal convulsion
Mental status changes
Red blood cell count decreased
Increased upper airway secretion
Mass
Posture abnormal
Protein urine present
Night sweats
Injection site reactio
Lumbar puncture abnormal
X-ray limb abnormal
Injection site haemorrhage
Adverse reaction
Influenza virus test negative
Constipation
Lymphocyte percentage decreased
Urinary tract infection
Neuralgic amyotrophy
Urinary incontinence
Vaccination site swelling
Eyelid ptosis
Rash maculo-papular
Coordination abnormal
Bronchitis
Pain of skin
Painful respiration
Polymerase chain reaction
Motor dysfunction
Protein total decreased
Memory impairment
Blood test abnormal
Computerised tomogram abnormal
Urinary retention
Facial paresis
Respiratory failure
Blood urea decreased
Blood culture
Poor quality sleep
Ultrasound scan abnormal
Culture urine positive
Antinuclear antibody
Ultrasound scan
Diplegia
C-reactive protein
Metabolic function test normal
Wheelchair user
Atrial fibrillation
Oral herpes
Sinus headache
Culture urine
Foetal disorder
Breath sounds abnormal
Exposure during pregnancy
Gram stain negative
Biopsy skin abnormal
Antinuclear antibody positive
Troponin normal
Scab
Echocardiogram
Haematocrit normal
Staring
Narcolepsy
Rheumatoid factor negative
Blood gases abnormal
Alanine aminotransferase increase
Respiratory tract conges
Incorrect storage of drug
Electromyogram normal
Depression
Platelet count normal
Gram stain
Oral pain
Neutrophil count increased
Respiratory arrest
Nuclear magnetic resonance imagin
Neurological examination abnormal
Troponin I increased
Underdose
Hypophagia
Blood magnesium increased
Varicella post vaccine
Alanine aminotransfera
Impaired work ability
Blindness
Blood creatine phosphokinase
Drug screen negative
Lumbar puncture normal
Aspartate aminotransferase increa
Neurological symptom
Laceration
Respiratory distress
Oxygen saturation decreased
Protein total normal
Thirst
Skin reaction
Restlessness
Immediate post-injecti
Injection site discharge
Vaccination failure
Urine abnormality
Drug administration error
Neutrophil percentage i
White blood cell count decreased
Anion gap decreased
Injection site bruising
Neurological examination
Upper extremity mass
Blood creatinine increased
Injection site streaking
Platelet count increased
Deafness unilateral
Blood glucose decreased
Viral test negative
Respiratory tract conge
Urine ketone body present
Bradycardia
Lymphocyte percentage d
Culture
Accidental exposure
Serum sickness
Hallucination
Tracheostomy
Heart rate irregular
Heart rate decreased
Thrombocytopenia
Cognitive disorder
Disturbance in attention
Product quality issue
Seizure like phenomena
Rash pustular
Red blood cell count de
Injection site joint pain
Nuclear magnetic resonance imagin
Ear discomfort
Blood pressure decreased
Bacterial test positive
Vaccine positive rechallenge
Monocyte count increased
Otitis media
Blood creatinine normal
Middle insomnia
Amnesia
Aspartate aminotransfer
C-reactive protein normal
Abdominal distension
Cheilitis
Purpura
Renal failure acute
Facial pain
Joint injury
Conjunctivitis
Inappropriate schedule of drug ad
Syringe issue
Aphagia
Lymphocyte percentage decreas
Injection site infection
Hyperacusis
Blood albumin decrease
Nuclear magnetic resonance imagin
Thinking abnormal
Dry eye
CSF test normal
Postictal state
Demyelination
Full blood count abnormal
CSF glucose increased
Faecal incontinence
Hepatitis C test negative
Blood bilirubin increased
Blood potassium normal
Generalised erythema
Musculoskeletal discomfort
Dysuria
Antinuclear antibody n
Cytomegalovirus test negative
X-ray abnormal
Incorrect route of drug administr
Injected limb mobility d
Alopecia
Red blood cell sedimenta
Blood cholesterol increased
Encephalitis
Skin exfoliation
CSF white blood cell count increa
Blood albumin normal
Pharyngeal erythema
Surgery
Streptococcus test
Pollakiuria
Cardiac monitoring
Eyelid function disorder
Vaccination site erythema
Face oedema
Radiculitis brachial
Carbon dioxide decreased
Red blood cell sedimentation rat
Aphonia
Blood glucose
Skin irritation
Electroencephalogram normal
Blood chloride increased
Blood creatine phospho
Hepatitis B test negative
Immediate post-injection reac
Vitamin B12 normal
Blood calcium normal
Hypopnoea
Nuclear magnetic resonance imagin
Musculoskeletal stiffn
Weight bearing difficulty
Intussusception
Imaging procedure
Electroencephalogram abnormal
Angiogram abnormal
Dry mouth
Food allergy
Pulmonary congestion
Eosinophil percentage
Decreased vibratory sense
Polyneuropathy
CSF test
Flank pain
Mydriasis
Haematoma
Allergy to vaccine
Nerve conduction studi
Troponin I
Biopsy skin
Blood thyroid stimulating hormone
Dizziness postural
Blood triglycerides increased
Panic attack
Staphylococcal infection
Body temperature
Tachypnoea
Stridor
Skin disorder
Sensation of pressure
Sepsis
Rhonchi
Purulent discharge
Glossodynia
Oral discomfort
Biopsy
Red blood cell count decrease
Rhinitis
Dry skin
Cerebrovascular accident
Monoplegia
Hyperreflexia
Ecchymosis
Hyperventilation
Ultrasound Doppler
Herpes simplex serology negative
Mean cell volume increased
Demyelinating polyneuropathy
Eating disorder
Ear infection
Rheumatoid arthritis
Muscle atrophy
Electrocardiogram abno
Hyponatraemia
Impaired driving ability
Weight increased
Angiogram normal
White blood cell count increa
Monocyte percentage in
Deafness
Blood calcium decrease
Acne
Anaphylactic shock
Urine leukocyte esterase positive
Culture negative
Screaming
Influenza B virus test positive
Clumsiness
Hypokalaemia
Eye infection
Sinus tachycardia
Miller Fisher syndrome
Dysphemia
Myocarditis
Neonatal disorder
Neutrophil percentage decreas
Axillary mass
Epstein-Barr virus test negative
Spinal pain
Ageusia
Spinal osteoarthritis
Haematochezia
Allergy test
Pericarditis
Pharyngitis
Blood urea normal
Protein total increased
Prothrombin time prolonged
Tic
Bronchospasm
Renal failure
Albumin CSF increased
Red blood cells urine positive
CSF glucose normal
DNA antibody negative
Dyspepsia
Ultrasound Doppler normal
Nasal discomfort
Muscle disorder
Dry throat
Central nervous system lesion
Computerised tomogram head abnorm
Optic neuritis
Nuclear magnetic resonance imagin
Choking
Nervous system disorder
Injection site induratio
Resuscitation
Injection site scab
Blood chloride decreased
White blood cells urine positive
Anaemia
Injection site irritation
Blood chloride normal
Angioedema
Liver function test normal
Cryptococcus test
Blood phosphorus decreased
Joint range of motion decreas
Contraindication to vaccination
Blood chloride decrease
Fear
Blood creatine phosphokinase incr
Bladder catheterisation
Vaccination site warmth
Vaccination complicatio
Drooling
Upper-airway cough syndrome
Autoimmune disorder
Myositis
Sleep study abnormal
Acute disseminated encephalomyeli
Blood thyroid stimulat
Nuclear magnetic resonance imagin
Nuclear magnetic resonance imagin
Electromyogram abnorma
Bacterial test negative
Cardiac enzymes normal
Agitation
Blood urine present
Osteoarthritis
Influenza A virus test negative
Injection site atrophy
Epilepsy
Papule
Globulins increased
Erythema multiforme
Sinus disorder
Skin burning sensation
Secretion discharge
Gastrooesophageal reflux disease
Alanine aminotransferase increase
Bed rest
Face injury
Rheumatoid factor
Tongue disorder
Quadriparesis
Body temperature incre
Electrocardiogram abnor
Nerve conduction studie
Sluggishness
Photopsia
Angiogram
Abnormal sensation in eye
Electrocardiogram norm
Vomiting projectile
Injection site exfoliation
Musculoskeletal stiffne
Immediate post-injection reactio
Multiple sclerosis
Foetal exposure during pregnancy
Lymphocyte count normal
Visual acuity reduced
Red blood cell sedimentation
Aspartate aminotransferase in
Upper respiratory tract infec
Leukocytosis
Laryngitis
Blood creatine phosphokinase incr
Arthropathy
Incoherent
Blood electrolytes
Computerised tomogram no
Blood creatinine incre
Emotional distress
CSF oligoclonal band absent
Arrhythmia
Blood bilirubin normal
Blood creatine phosphok
Injected limb mobility decrea
Neutrophil percentage decreased
Influenza A virus test
Disability
Vaccination site reaction
Abdominal pain lower
Auricular swelling
Blood alkaline phosphatase normal
Dysgraphia
Central venous catheterisatio
Varicella
Barium swallow abnormal
Nerve conduction studies normal
Blood sodium normal
Neutrophil percentage increas
Nitrite urine present
Groin pain
Oropharyngeal discomfort
Injection site bruisin
Sleep study
Skin test positive
Pleural effusion
Exposure during pregna
Red blood cell sedimen
Scar
Eyelid margin crusting
Respiratory rate increased
Foetal death
Red cell distribution width incre
Red blood cells CSF pos
Activities of daily li
Hepatitis viral test negative
Serology normal
Musculoskeletal chest pain
Borrelia test
Stomatitis
Stress
Immunology test normal
Ophthalmoplegia
Anti-SS-B antibody negative
Thyroid function test normal
Eczema
Visual field defect
Upper respiratory tract
Blood potassium increased
Drug administered at inappropriat
Hypoacusis
Hypoglycaemia
Nuclear magnetic resonance imagin
Blood magnesium normal
Anti-thyroid antibody positive
Red blood cell count d
Feeling jittery
Marrow hyperplasia
Immune system disorder
Myocardial infarction
Red blood cell count normal
Joint effusion
Joint range of motion
Blood creatinine decreased
Acute respiratory failure
Lip dry
Photosensitivity reaction
White blood cell count decrea
Loss of control of legs
Antibody test negative
Lung disorder
Computerised tomogram thorax
Delirium
Biopsy bone marrow abnormal
Injection site urticar
Blood creatinine norma
Injection site pustule
Macule
Mean cell haemoglobin increased
Injection site discolo
Axonal neuropathy
Differential white blood cell cou
West Nile virus test negative
Blood phosphorus increased
Mood altered
Blood potassium decrea
Urine analysis abnormal
Mucosal dryness
Autism
Chromaturia
Immediate post-injectio
Adverse event
Nuclear magnetic resonance imagin
Blepharospasm
Carbon dioxide normal
Streptococcus test negat
Body temperature decreased
Eosinophil count increased
Pathology test
Glucose urine present
Bone scan normal
Peripheral sensory neuropathy
Erythema of eyelid
Spinal X-ray abnormal
CSF test abnormal
Extensive swelling of vaccinated
Breast pain
Biopsy brain abnormal
Eyelids pruritus
Formication
Flow cytometry
Thrombosis
CSF immunoglobulin increased
Fluid retention
Alanine aminotransferase normal
Flatulence
Fibrin D dimer
Nuclear magnetic resonance imagin
Radiculopathy
Toothache
Tonic clonic movements
Shock
Dyspnoea exertional
Skin tightness
Brachial plexopathy
Periorbital oedema
C-reactive protein incr
Papilloedema
Disturbance in attenti
Lymphocyte percentage increased
Aggression
Enema administration
Polymyalgia rheumatica
Orthostatic hypotension
Pleurisy
Hearing impaired
Tonsillar hypertrophy
Electrocardiogram abnorm
Tooth fracture
Idiopathic thrombocytopenic purpu
Neutrophil percentage d
Trismus
Bedridden
Injection site inflamm
Transfusion
Maternal exposure during
Blood pressure increas
Blood creatinine increa
Injection site papule
Blood alkaline phosphatase increa
Respiration abnormal
Muscle rigidity
Micturition urgency
Meningitis viral
Medication error
Hypoxia
Depressed level of consciousness
Blood chloride decreas
Joint range of motion de
Lymphadenitis
Abdominal X-ray
Croup infectious
Crepitations
White matter lesion
Liver function test abnormal
Angina pectoris
Livedo reticularis
Injury
Lymphocyte percentage increas
Computerised tomogram head no
Vocal cord disorder
Computerised tomogram he
Scan with contrast
Blood calcium increased
Immobile
Blood lactic acid increased
Mean cell volume normal
Communication disorder
Coma
Gastrostomy tube insertion
Varicella virus test negative
Vaccination complicati
Pregnancy test negative
Diagnostic procedure
Wrong drug administere
Moaning
Staphylococcus test positive
Dystonia
Vaccination site rash
Echocardiogram abnorma
Blood sodium increased
Urine leukocyte estera
Trigeminal neuralgia
Blood thyroid stimulati
Cataplexy
Hepatic enzyme increased
Blindness unilateral
Bacterial infection
Off label use
Suture insertion
Staphylococcus test negative
Allergy test positive
Sputum culture positive
Speech disorder developmental
Pharyngitis streptococcal
Skin plaque
Platelet count decrease
Skin test negative
Synovial cyst
Temperature intolerance
Tendon rupture
Red blood cell sediment
Tendon disorder
Fibromyalgia
Red blood cell sedimentation rate
Abnormal dreams
Feeling of body temperature chang
Red blood cell sedimentation rate
Feeling drunk
Rash morbilliform
Ultrasound abdomen
CSF glucose decreased
Psoriasis
Antibody test normal
Prothrombin time normal
Abscess
Gastrointestinal pain
Simplex virus test positive
Needle issue
Pharyngeal hypoaesthesia
Eructation
Bone cyst
Body temperature increas
Enterovirus test negative
Body temperature fluctuation
Cardiac arrest
Endoscopy normal
Cardiac enzymes
Oral mucosal blistering
Antinuclear antibody ne
Blood count normal
Toxicologic test normal
Basophil percentage increased
Protein total increase
Computerised tomogram a
Inappropriate schedule of drug ad
Muscle strain
Hyperaemia
Muscle fatigue
Drug screen positive
Mouth haemorrhage
Acute disseminated encephalomyeli
Anion gap increased
Audiogram abnormal
Monocyte percentage
Computerised tomogram abnorma
Conjunctival hyperaemia
Upper respiratory tract infectio
Reaction to preservatives
Viral test
Atelectasis
Dermatitis contact
Vitamin D decreased
Aspartate aminotransferase increa
Immunology test
Jaundice
Lung infection
Loss of proprioception
Incisional drainage
Arthropod bite
Lip pain
Allergy test negative
Weight bearing difficult
Arthroscopy abnormal
Leukocytoclastic vasculitis
Aspartate aminotransfe
Culture throat negative
Culture stool negative
Culture positive
Blood glucose increase
Incontinence
Listless
Blood folate normal
White blood cell count i
Blood electrolytes normal
Decreased eye contact
Blood culture positive
Computerised tomogram h
Depressed mood
Computerised tomogram abdomen
Blood creatine phosphokinase norm
Computerised tomogram ab
Premature labour
Injection site injury
Maternal exposure duri
Complement factor normal
Injection site haemorr
Chondrolysis
Complement factor C4
Injection site celluli
Diet refusal
Tearfulness
Apnoea
Vaccine positive rechall
Urine output decreased
White blood cell count n
Chronic inflammatory demyelinatin
Ankle fracture
Viral rash
Cardiomyopathy
Nuchal rigidity
Nuclear magnetic resonance imagin
Tongue discolouration
Bladder dysfunction
Encephalopathy
Cardiac disorder
Oral pruritus
Cardiac murmur
Gingival bleeding
Paraparesis
Antineutrophil cytoplasmic antibo
Haemoglobin
Streptococcal infection
Eosinophil percentage increased
Streptococcus test positive
Pericardial disease
Strabismus
Bone scan abnormal
Skin ulcer
Peroneal nerve palsy
Glomerular filtration r
Gliosis
Haemoglobin increased
Abnormal faeces
CSF white blood cell c
Skin infection
Skeletal injury
CSF protein normal
Exposure during breast feeding
Polyuria
Gestational hypertension
Brain oedema
Gastroenteritis
Gastroenteritis viral
Prealbumin decreased
Extubation
CSF monocyte count decreased
Fibrin D dimer normal
Feeling of body temperature chang
Feeling of body temperat
Feeling of body temper
Red blood cells CSF po
Raynaud's phenomenon
Red blood cells urine p
Antibody test
Pulmonary function test
Breath holding
Neurological examination normal
Respiratory syncytial virus test
Rhinitis allergic
Scratch
Herpes virus infection
Blood alkaline phosphat
Basophil count decreased
Pleuritic pain
Platelet count increase
Platelet count decreas
Escherichia test positive
Slow speech
Pharyngeal disorder
Muscle contractions involuntary
Pelvic pain
Epstein-Barr virus antibody negat
Goitre
Bone disorder
Paranasal sinus hypersecretion
Gram stain positive
Carbon dioxide decreas
Brain injury
Carbon dioxide increased
Haematuria
Osteolysis
Oral disorder
Cardiac function test
Opisthotonus
Vaginal haemorrhage
Odynophagia
Hallucination, visual
Ocular icterus
Influenza virus test ne
Obstructive airways disorder
Angiotensin converting
Nuclear magnetic resonance imagin
Activated partial thromboplastin
Blindness transient
Nocturia
Idiopathic thrombocytopenic purpu
Anti-SS-A antibody negative
Neuritis
Troponin increased
Nerve root lesion
Tunnel vision
Troponin I normal
Mean cell haemoglobin concentrati
Herpes simplex serology
Proteinuria
Maternal exposure before pregnanc
Type 1 diabetes mellitus
Injection site joint movement imp
Myoclonus
Myelitis
Mycoplasma test positive
Anosmia
Blood pressure abnormal
Musculoskeletal discom
Human chorionic gonadotropin
Abdominal tenderness
Muscle spasticity
Blood potassium increa
Immunology test abnormal
Multi-organ failure
Blood potassium decreas
Central venous catheterisation
Drug screen
Drug hypersensitivity
Monocyte percentage inc
Pulmonary oedema
Blood phosphorus decrea
Fluid intake reduced
Vaccination site swellin
International normalised ratio in
Lyme disease
Lung infiltration
Mean platelet volume decreased
Acoustic stimulation tests
Mean cell haemoglobin c
Maternal exposure during preg
Dermatitis
Immunohistochemistry
Joint crepitation
Liver function test
Asthenopia
Vitreous floaters
Blood iron decreased
Decreased activity
Lumbar puncture abnorma
Lower respiratory tract infection
Blood immunoglobulin G increased
Blood chloride increas
Blood immunoglobulin G
Blood immunoglobulin E
White blood cells urin
Blood cholesterol incr
Left ventricular hypertrophy
Legionella test
Culture throat positive
Culture throat
Leukopenia
Laryngospasm
Culture wound positive
Laparoscopic surgery
Cryoglobulins absent
Laboratory test abnorm
Joint fluid drainage
Joint dislocation
Blood folate increased
Cytomegalovirus test n
Blood fibrinogen increased
Conjunctivitis infective
Intervertebral disc protrusion
Vitamin B12 deficiency
International normalised ratio in
International normalised rati
Injection site scar
Computerised tomogram abdomen abn
Injection site joint swelling
Computerised tomogram abdomen abn
Complex regional pain syndrome
Injection site infecti
Complex partial seizures
Blood creatine phosphokinase MB i
Injection site dryness
Complement factor C3
Blood creatine phosphoki
Diarrhoea haemorrhagic
Injection site anaesth
Sensation of foreign bod
Apparent life threatening event
Infrequent bowel movements
Influenza virus test neg
Vasculitis
Metamyelocyte percentage increase
Atrioventricular block
Aphthous stomatitis
Hyperlipidaemia
Hyperthyroidism
White blood cells urine
Urine ketone body pres
Vitamin B12 increased
Vitamin B12 decreased
Viral test positive
Vaccination site swelli
Ultrasound abdomen abnormal
Vaccination site haematoma
Urine ketone body prese
Treatment noncompliance
Cerebral haemorrhage
Cerebellar syndrome
Central venous cathete
Neutrophil count incre
Ultrasound abdomen abn
Electroencephalogram nor
Carpal tunnel decompression
Thyroid disorder
Encephalitis post immunisation
Cardiolipin antibody n
Cardiac stress test normal
Grip strength decrease
Synovitis
Sputum discoloured
Tenodesis
Glycosylated haemoglobin
Candidiasis
Pertussis
Caesarean section
Spinal X-ray normal
Antineutrophil cytoplas
CSF white blood cell cou
CSF white blood cell count increa
Similar reaction on previous exp
Positive Rombergism
Gastrostomy tube inser
Sinus bradycardia
Alanine aminotransferase incr
Scan
Gastrointestinal inflammation
Gamma-glutamyltransfera
Scan normal
Eye disorder
Secondary transmission
Breast swelling
Rheumatoid factor increased
CSF lymphocyte count increased
Rhabdomyolysis
Tendon pain
CSF immunoglobulin incr
Folliculitis
Bruxism
Albumin globulin ratio
Red cell distribution width norma
Red cell distribution
Renal function test normal
Fibrin D dimer increased
Red cell distribution w
Radioallergosorbent test negative
Quality of life decreased
Quadriplegia
Faeces discoloured
Pulse absent
Bronchopneumonia
Respiratory rate increas
Anti-thyroid antibody negative
Bronchiolitis
Respiratory syncytial virus test
Retinal exudates
Pseudomonas test positive
Autopsy
Rheumatoid factor nega
Breast tenderness
Road traffic accident
Romberg test positive
Basophil percentage decreased
Premature delivery
CSF neutrophil count increased
Pre-eclampsia
CSF pressure increased
Polydipsia
Pneumothorax
Exercise tolerance decreased
Skin fissures
Excessive granulation tissue
Excessive eye blinking
Skin mass
CSF oligoclonal band ab
Brachial plexus injury
Slow response to stimuli
Erythema nodosum
Snoring
Specific gravity urine
Globulins decreased
Glomerular filtration rate decrea
Epstein-Barr virus test
Bone scan
Antineutrophil cytoplasmic an
Eosinophil percentage increas
Paraplegia
Spondylolisthesis
Bone debridement
Pleocytosis
Exercise electrocardiogram
Paralysis flaccid
Carbon dioxide increas
Status epilepticus
Antineutrophil cytoplasmic antibo
Supraventricular tachycardia
Endotracheal intubatio
Otitis media acute
Systemic lupus erythematosus
Orbital oedema
Blood uric acid normal
Teething
Haemorrhage subcutaneous
Oral candidiasis
Thyroxine free normal
Tilt table test
Hemianopia
Nystagmus
Hemiplegia
Colonoscopy normal
Electroencephalogram abn
Electroencephalogram ab
Tongue paralysis
Temporal arteritis
Henoch-Schonlein purpura
Electrocardiogram norma
Cardio-respiratory arrest
Affect lability
Nonspecific reaction
Non-cardiac chest pain
Electrocardiogram ST-T change
Hepatitis A virus test
Neurological examination norm
Autonomic neuropathy
Neurological examinati
Neurogenic bladder
Complement factor C3 increased
Hepatitis C test negati
Blood smear test abnormal
Catheterisation cardiac
Herpes simplex serolog
Blood creatine phosphokinase norm
Ultrasound antenatal sc
Ultrasound antenatal screen abnor
Central nervous system
High density lipoprote
Ultrasound kidney normal
Adverse drug reaction
Mycobacterium test negative
Upper respiratory tract congestio
Musculoskeletal discomfo
Upper respiratory trac
Respiratory tract cong
Hyperglycaemia
Mouth breathing
Urine leukocyte esterase posi
Mononucleosis heterophi
Blood phosphorus incre
Monocyte percentage decreased
Monocyte count normal
Hypertonia
Mitral valve incompetence
Drug administered at i
Double stranded DNA antibody
Chapped lips
Blood osmolarity decreased
Hypomagnesaemia
Concussion
Blood magnesium increas
Administration site pain
Mental impairment
Blood magnesium increa
Meningitis aseptic
Differential white bloo
Blood magnesium decrea
Dialysis
Choking sensation
Ill-defined disorder
Mean cell haemoglobin normal
Mean cell haemoglobin i
Viral upper respiratory tract inf
Blood lactate dehydrogenase incre
Mean cell haemoglobin
Maternal exposure during pregnan
Mastication disorder
Vibration test abnormal
Altered state of consciousness
Lymphocytic infiltration
Blood iron normal
Delivery
Vulvovaginal pain
Joint range of motion d
Decreased vibratory se
Debridement
Low density lipoprotein normal
Deafness neurosensory
Deafness bilateral
Aspartate aminotransferase normal
Localised oedema
Acute sinusitis
Lobar pneumonia
Cytomegalovirus test po
Liver function test norm
Live birth
Clonus
Acute myocardial infarction
Lip injury
Blood immunoglobulin A normal
Blood immunoglobulin A
Left ventricular hyper
Culture wound negative
Laryngoscopy abnormal
Life support
Acute respiratory failu
Lactation disorder
Labyrinthitis
Blood glucose fluctuat
Craniotomy
Kyphosis
Klebsiella infection
Anal fissure
Costochondritis
Cortisol free urine normal
Lipoma
Corneal reflex decreased
Blood gases
Corneal opacity
Joint manipulation
Arthrogram
Anaemia haemolytic autoimmune
Joint injection
Coombs direct test positive
Jaw disorder
Arthritis reactive
Conversion disorder
Intracranial pressure increased
Intestinal perforation
Intestinal obstruction
Intervertebral disc pro
Amyotrophic lateral sclerosis
Intervertebral disc disorder
Congenital anomaly
Arteriosclerosis coron
International normalised
Weight bearing difficu
Arteriosclerosis
Computerised tomogram thorax abno
Injury associated with device
Acute respiratory distress syndro
Injection site vesicle
Amylase decreased
Injection site ulcer
Amniotic cavity infection
Injection site paraesthesia
Injection site nerve damage
Injection site nerve dam
Injection site necrosis
Vitamin D
Injection site joint pai
Injection site joint mov
Injection site joint m
Injection site joint inflammation
Injection site joint effusion
Immunisation reaction
Injection site irritat
Injection site inflammat
Injection site inflamma
Injection site indurati
Injection site haemato
Complement factor decreased
Injection site exfolia
Injection site erosion
Injection site discomf
Injection site discolour
Complement factor C3 decreased
Injection site dischar
Injection site celluliti
Injection site abscess sterile
Injection site abscess
Blood count abnormal
Colonoscopy
Influenza virus test p
Apparent death
Influenza virus test n
Blood corticotrophin normal
Influenza virus test
Influenza A virus test positi
Influenza A virus test p
Influenza A virus test negati
Inflammatory pain
Infectious mononucleosis
Coagulation test normal
pH urine normal
Clostridium test
Accidental overdose
X-ray gastrointestinal
White blood cells urine posit
Chronic obstructive pulmonary dis
Monocyte count increase
Chronic obstructive pulmonary dis
Inappropriate schedule
Chronic fatigue syndrome
Immune complex assay
Antiphospholipid antibodies negat
Ileus
Ventricular extrasystole
Varicella virus test positive
Blood pressure increase
Unresponsive to stimul
Varicella virus test
Hypothyroidism
Vaccinia virus infection
Blood bilirubin increa
Hyporesponsive to stimuli
Vaccination site swell
Vaccination site nodule
Vaccination site discolouration
Hypogeusia
Blood bilirubin
Vaccination error
Uvulitis
Hepatomegaly
Urticaria papular
Urine leukocyte esteras
Urinary tract infectio
Cerebellar ataxia
Upper-airway cough syn
Blood alkaline phosphatase in
Electrocardiogram ST-T
Upper respiratory tract congestio
High density lipoprotein normal
Ultrasound scan abnorm
Blood aldosterone normal
Ultrasound abdomen nor
Ultrasound abdomen abno
Ultrasound Doppler abnormal
Catheterisation cardiac normal
Type 2 diabetes mellitus
Tuberculin test
Hepatitis C test negat
Troponin T
Hepatitis B test negat
Troponin
Treponema test
Hepatitis A antibody ne
Transferrin saturation decrea
Hepatitis
Tooth disorder
Hepatic enzyme
Antinuclear antibody neg
Tonsillar disorder
Tongue injury
Cardiac stress test nor
Tongue biting
Cardiac pacemaker insertion
Heart rate abnormal
Thrombin-antithrombin I
Tenosynovitis
Head discomfort
Antinuclear antibody increased
Bladder disorder
Temperature perception
Cardiac flutter
Bladder dilatation
Cardiac failure congestive
Systemic inflammatory response s
Sudden death
Carbon dioxide increase
Subcutaneous nodule
Epstein-Barr virus antib
Antineutrophil cytoplasmic antibo
Granulocyte percentage
Capillaritis
Staphylococcus test pos
Staphylococcus test ne
Glycosylated haemoglobin increase
Spinal myelogram abnormal
Spinal cord disorder
Glossitis
Gestational diabetes
CSF white blood cell count positi
Soft tissue disorder
CSF white blood cell count negati
Social avoidant behaviour
Sleep study normal
Skin induration
Gastrointestinal tube insertion
Biopsy muscle normal
Sjogren's syndrome
Sinusitis bacterial
Biopsy muscle abnormal
Gastrostomy
Similar reaction on prev
Shoulder operation
Gastrointestinal tube
Pregnancy test urine p
CSF oligoclonal band present
CSF neutrophil count in
CSF oligoclonal band pr
Septic shock
Rotavirus infection
Sensation of foreign b
CSF myelin basic protein normal
Scotoma
CSF neutrophil count i
Rosacea
Biopsy kidney
Rhinovirus infection
Albumin urine present
Frequent bowel movements
Restless legs syndrome
Foreign body sensation in eyes
Foreign body reaction
Foetal exposure during
Respiratory syncytial virus infec
Biopsy bone marrow
CSF immunoglobulin G index
Respiratory rate decreased
Fluid overload
Foetal growth restrict
Regressive behaviour
Renal impairment
CSF cell count normal
Red cell distribution width norma
C-reactive protein incre
Red blood cell count n
C-reactive protein inc
Feeling of body temperature c
Red blood cell spherocytes presen
Red blood cells urine
Red blood cells urine positiv
Bundle branch block right
Rales
Red cell distribution width incre
Radiotherapy
Radioallergosorbent test positive
Flavivirus test positive
Radioallergosorbent test
Renal cell carcinoma
Biopsy artery abnormal
Fasciotomy
Fasciitis
Renal function test
Faecal volume increased
Bronchoscopy abnormal
Foaming at mouth
Renal pain
Purulence
Bronchoscopy
Food intolerance
Facial asymmetry
Pulmonary mass
Foot deformity
Pulmonary embolism
Biopsy bone marrow normal
Respiratory tract irritation
Psychomotor hyperactivity
Frequent bowel movemen
Frustration
Full blood count norma
Eyelid disorder
Prothrombin time
Rheumatoid factor positive
Protein total decrease
Functional gastrointestinal disor
Eye inflammation
Product taste abnormal
Proctalgia
Rubber sensitivity
Saccadic eye movement
Fungal infection
Salivary hypersecretion
Eye burns
Scan with contrast norma
Scan with contrast normal
Extraocular muscle disorder
Pregnancy test urine
Brain stem syndrome
Pregnancy test positive
Pregnancy test
Foot fracture
Rhinalgia
Gastritis
Basophil percentage
Anti-neuronal antibody
Posturing
Extensive swelling of vaccinated
Postural orthostatic tachycardia
Extensive swelling of vaccinated
Post-tussive vomiting
Brain natriuretic peptide normal
Basophil count normal
Post procedural complication
Aldolase
Brain natriuretic peptide increas
Serum ferritin increased
Poor peripheral circulation
Brain natriuretic peptide increas
Hyposmia
Exposure to allergen
Polyneuropathy chronic
Brain natriuretic peptide inc
Explorative laparotomy
Polyarthritis
Biopsy lymph gland abnormal
Biopsy muscle
Brain natriuretic pept
Anti-islet cell antibody
Pneumonia primary atypical
Brain mass
Exercise test normal
Excoriation
Skin hyperpigmentation
Generalised oedema
Evans syndrome
Placental disorder
Basal cell carcinoma
Euphoric mood
Essential tremor
Piloerection
Activated partial thromboplastin
Anti-glomerular basement membrane
Photosensitivity reactio
Sleep apnoea syndrome
Biopsy peripheral nerve
Pharyngitis bacterial
Glioblastoma multiforme
Pharyngeal mass
Personality change
Soft tissue infection
Antineutrophil cytopla
Glomerular filtration rate
Peripheral sensory neur
Glomerular filtration rate normal
CSF white blood cell differential
Specific gravity urine normal
Barium enema abnormal
Epstein-Barr virus test negat
Pericardial effusion
Spinal cord injury
Biopsy site unspecified abnormal
Glycosylated haemoglob
Calcium ionised decreased
Calcium ionised increased
Parvovirus B19 test negative
Spinal disorder
Splenomegaly
Anti-ganglioside antibo
Partial seizures
Parotid gland enlargement
Sputum culture
Bone lesion
Parosmia
Gastrointestinal disor
Staphylococcal infecti
Eosinophilia
Abdominal mass
Paranasal sinus hypersec
Eosinophil percentage i
Eosinophil percentage decreased
Stevens-Johnson syndrome
Band neutrophil percentage in
Eosinophil count normal
Pancreatitis
Granuloma annulare
Eosinophil count decreased
Palmar-plantar erythrodysaesthesi
Streptococcus test nega
Palmar erythema
Sudden hearing loss
Oxygen supplementation
Anti-cyclic citrullinated peptide
Oxygen saturation decre
Otorrhoea
Endoscopy abnormal
Haemoptysis
Blood uric acid decreased
Status asthmaticus
Haematocrit increased
Oral fungal infection
Encephalomyelitis
Allergy to animal
Encephalitis viral
Optic ischaemic neuropathy
Optic ischaemic neurop
Blood urea nitrogen/creatinine ra
Optic atrophy
Opsoclonus myoclonus
Cardiac function test normal
Tension
Testicular swelling
Emotional disorder
Electrophoresis protein abnormal
Blood urea nitrogen/cre
Oligomenorrhoea
Bacterial test
Blood urea nitrogen/cr
Cardiac stress test
Occult blood positive
Blood triglycerides normal
Tongue blistering
Obsessive-compulsive disorder
Electroencephalogram n
Henoch-Schonlein purpu
Cardiac stress test abnormal
Blood triglycerides inc
Electroencephalogram a
Nuclear magnetic resonance imagin
Nuclear magnetic resonance imagin
Blood triglycerides in
Tongue ulceration
Blood thyroid stimulating hormone
Toxicity to various agents
Hepatic steatosis
Toxicologic test abnormal
Nightmare
Cardiomegaly
Anti-SS-A antibody posi
Blood thyroid stimulatin
Neutrophil percentage in
Electrocardiogram T wav
Tracheobronchitis
Neutrophil count normal
Neutrophil count decreased
Transient ischaemic attack
Neutropenia
Tooth extraction
Toxoplasma serology negative
Hepatitis A antibody negative
Neuromyopathy
Neuromyelitis optica
Treponema test negativ
Tricuspid valve incomp
Neurological examinatio
Anti-SS-A antibody nega
Autonomic nervous system imbalanc
Carpal tunnel syndrome
Autonomic nervous system imbalanc
Ejection fraction decreased
Cardiovascular disorder
Ejection fraction decre
Nerve conduction studies abnorma
Activated partial thro
Nerve compression
Nerve block
Nephrotic syndrome
Nephrolithiasis
Necrotising fasciitis
Type III immune complex mediated
Ulcer
Herpes simplex
Neck mass
Ultrasound Doppler nor
Ultrasound Doppler norm
Cauda equina syndrome
Anti-NMDA antibody
Blood alcohol normal
Ultrasound abdomen normal
Blood product transfusi
High density lipoprotein decrease
Ear infection viral
Central nervous system inflammati
Myosclerosis
Anti-GAD antibody positive
Myoglobin blood
Myofascial pain syndrome
Ear congestion
Blood pressure fluctuat
Blood pressure fluctua
Mycoplasma test positiv
Mycoplasma test
Mycobacterium tuberculosis comple
Upper respiratory tract conge
Blood pressure decreas
Tonsillitis
Tympanic membrane hyperaemia
Musculoskeletal discomf
Autoantibody positive
Musculoskeletal chest pa
Upper-airway cough syndr
Dysaesthesia
Muscle contracture
Anisocytosis
Blood alkaline phosphatase increa
Urinary system X-ray
Muscle contractions inv
Multi-organ disorder
Mucosal discolouration
Mouth ulceration
Cerebral ischaemia
Mouth injury
Blood phosphorus normal
Drug eruption
Urine ketone body absent
Mononucleosis heterophile test
Cerebrovascular acciden
Mononucleosis heterophile tes
Drug administered at inappropriat
Aortic arteriosclerosi
Audiogram
Cervical spinal stenosis
Blood phosphorus decre
Drug administered at inapprop
Acoustic stimulation tests abnorm
Drug administered at ina
Mitral valve incompeten
Miosis
Cervicobrachial syndrome
Vaccination site cellulitis
Vaccination site induration
Aortic arteriosclerosis
Anion gap
Metastases to liver
Metanephrine urine normal
Metabolic syndrome
Atrial tachycardia
Dissociation
Metabolic function tes
Metabolic acidosis
Atrial septal defect
Meningitis
Atrial flutter
Hypothermia
Differential white blood cell cou
Melanocytic naevus
Childhood disintegrative disorder
Megakaryocytes abnormal
Blood magnesium decreas
Differential white blo
Mean platelet volume normal
Blood magnesium
Mean platelet volume increased
IIIrd nerve paralysis
Venogram normal
Mean platelet volume decrease
Vertebral foraminal stenosis
Vertigo positional
Blood lead
Adjustment disorder
Mean cell volume incre
Mean cell volume decreased
Diabetic ketoacidosis
Blood lactic acid
Mean cell haemoglobin decreased
Immunoelectrophoresis
Dermatitis allergic
Chondropathy
Immunoglobulins
Mastitis
Malnutrition
Adenovirus test
Depressed level of consciousn
Major depression
Denervation atrophy
Macular degeneration
Lymphoedema
Immunosuppression
Lymphocyte percentage i
Impaired healing
Blood iron
Lymphocyte count increased
Decubitus ulcer
Aspiration joint
Decreased vibratory sens
Decreased vibratory sen
Very low density lipoprotein norm
Vocal cord paralysis
Impulsive behaviour
Adenotonsillectomy
Aspiration bone marrow abnormal
Blood immunoglobulin M increased
Blood gases normal
Chronic obstructive pu
Lupus-like syndrome
Lung consolidation
Lumbar spinal stenosis
Aspiration
Blood immunoglobulin G normal
Low density lipoprotein incre
Blood immunoglobulin G n
Low density lipoprotein
Loss of control of leg
Localised infection
Cytomegalovirus test neg
Liver function test ab
Circulatory collapse
Winged scapula
Blood immunoglobulin E normal
Blood immunoglobulin E increased
Wound
Wrong technique in drug usage pr
Wrong technique in drug usage pro
Lipids normal
Cystitis
X-ray of pelvis and hip
Increased upper airway
Increased upper airway s
Clostridium test negati
Lip blister
Limb injury
Ligament laxity
Blood immunoglobulin A decreased
Ligament disorder
Lichen planus
Libido decreased
Leukoplakia oral
Blood homocysteine normal
Left ventricular hypert
Blood heavy metal test
Left ventricular end-d
Left ventricular dysfunction
Latent autoimmune diabetes in ad
Blood heavy metal normal
Laser therapy
Larynx irritation
Culture stool
Blood heavy metal norm
Laryngoscopy
Cushingoid
Ligament sprain
Laryngeal oedema
Laryngeal disorder
Large intestine perforation
Laparotomy
Arthropod sting
Crystal urine
Lactose intolerance
Labour induction
Laboratory test abnorma
Labile blood pressure
Cranial nerve paralysis
Knee arthroplasty
Kidney infection
Ketoacidosis
Keratosis pilaris
Costovertebral angle t
Keratitis
Kawasaki's disease
Joint warmth
Arthrogram abnormal
Joint resurfacing surgery
Coronary arterial stent
Joint resurfacing surger
Acinetobacter test positive
Acute respiratory fail
Corneal reflex decrease
Joint laxity
Coombs test positive
Joint contracture
Jaundice neonatal
JC virus test
Irritable bowel syndrome
Blood fibrinogen incre
Iron deficiency
Iron binding capacity total incre
Iron binding capacity total decre
Consciousness fluctuati
Iron binding capacity total d
Blood fibrinogen decreased
Connective tissue disord
Iritis
Intraocular pressure te
Intraocular pressure increase
Blood fibrinogen decrea
Conjunctivitis infecti
Intracranial pressure
Intracranial hypotension
Conjunctivitis allergic
Intracranial aneurysm
Blood fibrinogen decre
Intra-uterine death
Intestinal resection
Intestinal operation
Conjunctival haemorrhage
Intestinal malrotation
Acute respiratory distress syndro
Congenital cystic lung
Intestinal anastomosis
Arteritis
Blood electrolytes norma
Congenital central nervous system
Intervertebral disc degeneration
Intervertebral disc degenerat
Blood electrolytes abnormal
Intervertebral disc deg
Interstitial lung disea
Conductive deafness
International normalised ratio no
International normalised ratio de
International normalised ratio
Blood disorder
Computerised tomogram thorax norm
International normalise
Amylase increased
International normalis
Computerised tomogram thorax abno
Intermittent claudicati
Intentional drug misuse
Insulin resistance
Computerised tomogram thorax abno
Insulin C-peptide increased
Insulin C-peptide decrea
Arteriogram coronary normal
Computerised tomogram th
Computerised tomogram t
Acidosis hyperchloraemic
Injection site vasculitis
Injection site urticari
Arteriogram carotid normal
Computerised tomogram n
Computerised tomogram head norma
Arteriogram carotid
Blood creatinine increas
Computerised tomogram head abnorm
Arteriogram abnormal
Injection site pallor
Injection site necrosi
Computerised tomogram abdomen nor
Injection site movement impairmen
Arterial wall hypertrophy
Blood creatinine decrea
Computerised tomogram abdomen nor
Injection site joint warmth
Injection site joint pa
Acute respiratory dist
Injection site joint movement imp
Arterial injury
Blood creatinine decre
Computerised tomogram abdomen ab
Injection site joint movement imp
Injection site irritatio
Arterial haemorrhage
Complications of transp
Complication of pregnancy
Blood creatine phosphokinase incr
Complex regional pain sy
Injection site infectio
Ammonia increased
Arrhythmia supraventricular
Complex regional pain s
Injection site hypersensitivity
Injection site hypersensitivi
Blood creatine phosphokinase inc
Complement factor norm
Complement factor increased
Blood creatine phosphokinase decr
Injection site granulo
Injection site extravasation
Complement factor C4 dec
Blood creatine phosphokinase MB i
Complement factor C4 de
Acidosis
Acute pulmonary oedema
Amino acid level normal
Complement factor C4 d
Injection site eczema
Blood creatine phosphokinase MB
Complement factor C3 increase
Application site warmth
Injection site cyst
Compartment syndrome
Amino acid level abnor
Appendicitis
Colour vision tests no
Injection site anaesthes
Colour blindness acquired
Colour blindness acquire
Colour blindness
Colostomy
Initial insomnia
Influenza virus test pos
Acute polyneuropathy
Amenorrhoea
Colon injury
Colitis ulcerative
Colitis ischaemic
Blood copper normal
Colitis
Colectomy total
Blood copper increased
Colectomy
Influenza A virus test n
Blood cholesterol normal
Cold agglutinins negativ
Inflammatory marker incr
Amblyopia
Aplastic anaemia
Blood cholesterol norm
Coagulation time shortened
Infectious peritonitis
Coagulation time prolonged
Infantile spasms
Induced labour
Increased viscosity of
Aplasia pure red cell
Blood cholesterol incre
Clostridium test negative
Increased upper airway secret
Yawning
Increased tendency to br
Xeroderma
X-ray therapy to joint
Clostridium test negat
Increased bronchial secretion
X-ray of pelvis and hip normal
Abnormal sensation in
Increased bronchial sec
Increased appetite
Alveolar osteitis
X-ray gastrointestinal tract abno
X-ray gastrointestinal tract
Clostridium difficile colitis
Incorrect storage of dru
Wrong technique in drug usage pro
Clostridial infection
Incorrect route of drug administr
Wound infection
Incorrect route of drug
Wound haemorrhage
Wound drainage
Clavicle fracture
Withdrawal hypertension
Blood chloride increase
Incorrect dose administ
Whole body scan
Incorrect dose adminis
Chronic sinusitis
White blood cells stool
White blood cell disord
Altered visual depth perception
Inappropriate schedule of drug ad
White blood cell count d
Chronic obstructive pulmonary
Inappropriate antidiuretic hormon
West Nile virus test n
Inappropriate antidiure
Weight loss diet
Inappropriate antidiur
Chronic inflammatory demyelinatin
Inappropriate affect
Weight bearing difficul
Wart excision
In vitro fertilisation
Waist circumference increased
Vulvovaginitis
Vulvovaginal mycotic infectio
Impetigo
Vulvovaginal burning sensatio
Von Willebrand's factor antibody
Chronic inflammatory demyelinati
Vomiting in pregnancy
Vogt-Koyanagi-Harada syndrome
Chronic inflammatory demyelin
Impaired driving abilit
Vitritis
Vitreous detachment
Vitiligo
Vitamin K increased
Vitamin D abnormal
Acute myeloid leukaemia
Apgar score normal
Blood catecholamines
Chronic inflammatory d
Immunology test abnorma
Vitamin B6 decreased
Vitamin A normal
Immunoglobulins abnorm
Visual tracking test abnormal
Visual field tests abno
Chromatopsia
Visual field tests
Visual evoked potentials
Apallic syndrome
Chondrosarcoma
Visual evoked potential
Visual acuity tests normal
Visual acuity tests abnormal
Visual acuity tests
Viral uveitis
Blood calcium increase
Viral upper respiratory tract inf
Viral upper respiratory
Viral upper respirator
Viral titre increased
Alpha-1 anti-trypsin increased
Aortic valve incompeten
Cholestasis
Viral myositis
Vibratory sense increa
Cholecystitis
Vibration test normal
Vestibular disorder
Cholecystectomy
Very low density lipoprotein incr
Very low density lipop
Ileus paralytic
Vertebral foraminal ste
Blood bilirubin unconju
Ileocolectomy
Ventricular extrasystoles
Ventricular extrasystol
Ventilation/perfusion scan normal
Idiopathic thrombocytopenic purp
Vasogenic cerebral oedema
Idiopathic thrombocytopenic p
Vasodilatation
Vasculitic rash
Varicella virus test ne
Varicella virus test n
Acute hepatic failure
Alpha 2 globulin increased
Aortic stenosis
Vaginal ulceration
Vaginal inflammation
Vaginal infection
Vaginal discharge
Vaccine positive recha
Hyporesponsive to stim
Vaccination site urticaria
Aortic disorder
Blood bilirubin decreased
Vaccination site pruritus
Vaccination site inflam
Vaccination site infla
Blood bilirubin decrease
Vaccination site indurat
Vaccination site eschar
Alpha 1 globulin incre
Hypoglycaemic coma
Vaccination site eryth
Vaccination site discolourati
Vaccination site bruising
Hypoaesthesia eye
Cervicobrachial syndrom
VIth nerve paralysis
Blood bicarbonate decreased
VIIIth nerve lesion
Uveitis
Uterine dilation and curettage
Hypertonic bladder
Uterine contractions d
Use of accessory respiratory
Blood bicarbonate decrea
Cervical cord compress
Use of accessory respi
Urosepsis
Hypertensive crisis
Urodynamics measurement
Urine sodium normal
Blood bicarbonate decr
Ceruloplasmin increased
Urine potassium decreased
Urine odour abnormal
Cerebrovascular disorder
Urine leukocyte esterase positiv
Alpha 1 foetoprotein normal
Blood aluminium increased
Hyperproteinaemia
Hyperprolactinaemia
Hyperosmolar state
Hypernatraemia
Urine electrolytes
Urine chloride
Urine calcium/creatinine
Hyperkeratosis
Urine bilirubin increase
Hyperkalaemia
Urine amphetamine negative
Antiphospholipid syndro
Urinary tract inflammation
Cerebral cyst
Hypergammaglobulinaemia
Urinary sediment present
Hyperdynamic left ventr
Urinary hesitation
Urinary casts
Urethritis
Upper-airway cough synd
Hunger
Alpha 1 foetoprotein
Antiphospholipid antibodies posit
Humerus fracture
Human chorionic gonadotropin posi
Upper respiratory tract congesti
Central venous catheter
House dust allergy
Upper motor neurone lesion
Upper limb fracture
Histone antibody posit
Histone antibody negative
Histology normal
Underweight
Blood alkaline phosphata
Histology abnormal
Ultrasound thyroid normal
Ultrasound thyroid abno
High density lipoprotein norm
Ultrasound scan abnorma
Ultrasound pelvis abnormal
Ultrasound bladder normal
High density lipoprotein decr
Ultrasound antenatal screen norma
Ultrasound antenatal screen norm
Central nervous system inflammat
Ultrasound antenatal screen n
Accidental death
Ultrasound antenatal screen abno
Alopecia effluvium
Antiphospholipid antibo
Hiatus hernia
Ultrasound antenatal screen
Herpes zoster ophthalm
Ultrasound antenatal scr
Cellulitis streptococcal
Herpes zoster multi-dermatomal
Ultrasound abdomen norma
Herpes simplex serology negat
Ultrasound Doppler norma
Ultrasound Doppler abnor
Ultrasound Doppler abno
Herpes simplex encepha
Ultrasound Doppler abn
Ulna fracture
Hernia hiatus repair
Typhus rickettsia test
Type IV hypersensitivity reac
Catheterisation cardia
Type IV hypersensitivity
Type IV hypersensitivit
Hepatobiliary scan
Type III immune complex mediated
Tympanic membrane perforation
Antinuclear antibody pos
Blood albumin increase
Catecholamines urine no
Hepatitis fulminant
Tympanic membrane hypera
Tympanic membrane disorder
Tumour excision
Tuberculosis
Tuberculin test negativ
Tryptase
Antinuclear antibody po
Hepatitis B virus test
Troponin T increased
Hepatitis B test negati
Tricuspid valve incompetence
Hepatitis B surface antibody nega
Tricuspid valve incompe
Tri-iodothyronine free
Carnitine abnormal
Hepatitis B core antigen
Treponema test positiv
Cardioversion
Hepatitis B core antibody negativ
Treatment noncomplianc
Acute disseminated ence
Antinuclear antibody p
Blood 25-hydroxycholecal
Traumatic lumbar punctu
Hepatitis A antibody po
Traumatic liver injury
Traumatic arthritis
Hepatitis A antibody neg
Transient ischaemic att
Transient ischaemic at
Hepatitis A antibody n
Hepatitis A
Toxoplasma serology
Toxicologic test norma
Toxicologic test abnorm
Cardiolipin antibody negative
Hepatic haemorrhage
Toxicologic test
Toxic encephalopathy
Hepatic function abnormal
Total cholesterol/HDL ratio
Hepatic function abnorm
Total cholesterol/HDL r
Tooth infection
Hepatic enzyme abnormal
Tonsillectomy
Hepatic encephalopathy
Tonsillar inflammation
Tongue spasm
Cardiac stress test norm
Tongue pruritus
Tongue exfoliation
Tongue dry
Tongue coated
Helicobacter test negati
Tinel's sign
Blepharitis
Tinea manuum
Helicobacter test
Tilt table test positive
Tilt table test positi
Heart sounds abnormal
Thyroiditis subacute
Cardiac pacemaker insert
Thyroid stimulating immunoglo
Thyroid gland scan abnormal
Cardiac murmur functional
Thyroid function test
Acute disseminated enc
Allergy to plants
Heart injury
Thrombocytosis
Blast cells absent
Cardiac murmur functio
Heart disease congenital
Thoracic spine flatten
Hearing aid user
Tethered cord syndrome
Cardiac monitoring norm
Head lag
Tetany
Head banging
Cardiac imaging procedure abnorma
Haptoglobin increased
Tendon injury
Temporomandibular joint syndrome
Temporomandibular joint syndr
Temporomandibular joint
Hallucination, auditory
Temperature perception test abnor
Temperature difference o
Temperature difference
Telangiectasia
Haemorrhage in pregnancy
Tardive dyskinesia
Tachyphrenia
Haemophilus test positive
T-lymphocyte count increased
Cardiac enzymes increased
Haemolytic anaemia
T-lymphocyte count decreased
Systemic inflammatory
Bladder catheterisatio
Haemoglobin A present
Sweat test normal
Haematospermia
Suspected transmission of an infe
Supraventricular extrasystoles
Bladder cancer
Suprapubic pain
Suppressed lactation
Suicidal ideation
Acute coronary syndrome
Suffocation feeling
Sudden onset of sleep
Bipolar disorder
Haematemesis
Substance-induced psychotic disor
Subcutaneous biopsy abno
Haemangioma
Stress echocardiogram abnormal
Streptococcus test posit
HIV test
Streptococcus test pos
HIV antigen positive
Carbon dioxide decrease
Guttate psoriasis
Biopsy tendon abnormal
Streptococcal bacteraemia
Stool analysis normal
Stool analysis
Carbon dioxide
Stomach mass
Stillbirth
Carbohydrate antigen 125 normal
Grimacing
Stereotypy
Status migrainosus
Capillary nail refill te
Granuloma
Biopsy skin normal
Granulocyte count
Staphylococcus test posi
Staphylococcus test neg
Staphylococcal infectio
Candida test positive
Staphylococcal bactera
Sputum increased
Gout
Calculus urinary
Sports injury
Antineutrophil cytoplasm
Glycosylated haemoglobin normal
Splinter haemorrhages
Spirometry abnormal
Spirometry
Glycosylated haemoglobi
Spinal cord operation
Calcium ionised decreas
Glucose-6-phosphate dehydrogenase
Spinal cord injury cervical
Spinal column stenosis
Glucose tolerance test abnormal
Spinal claudication
Abscess neck
Glucose tolerance test
Biopsy site unspecified
Cachexia
Spinal X-ray
Spherocytic anaemia
Glomerulonephritis min
Specific gravity urine increased
Specific gravity urine decrea
Specific gravity urine a
Spasmodic dysphonia
Somnambulism
Biopsy peripheral nerve abnormal
CSF white blood cell count negati
Somatosensory evoked p
Soft tissue inflammation
Smooth muscle antibody positi
Smooth muscle antibody negative
Smooth muscle antibody negati
Smear test
CSF white blood cell count ne
Glassy eyes
Small intestinal obstruction
Gingival swelling
Gingival pain
Sleep terror
Allergic bronchitis
Antimitochondrial antibody positi
Gingival inflammation
Gingival infection
Gingival hypertrophy
CSF white blood cell count incre
Skin turgor decreased
Gianotti-Crosti syndrome
CSF white blood cell count in
Gestational trophoblastic tumour
Skin test
Skin swelling
Gestational hypertensi
Skin papilloma
Skin odour abnormal
Antimitochondrial anti
Biopsy oesophagus abnormal
CSF white blood cell co
Genital herpes
Skin injury
Skin hypopigmentation
Skin haemorrhage
CSF virus no organisms observed
General physical health deter
Skin graft
Gene mutation identification test
CSF virus no organisms
Gene mutation identification test
Alkalosis
Antidiuretic hormone abnormality
Gene mutation identification tes
Skin atrophy
Sinus operation
Sinus arrhythmia
Similar reaction on previous expo
Gastrooesophageal reflux
Gastrooesophageal reflu
Shunt occlusion
Gastrointestinal viral infection
Shock haemorrhagic
Shift to the left
Gastrointestinal tube inserti
Serum sickness-like reaction
Gastrointestinal tube i
Serum sickness-like reac
Serum ferritin increase
Serology test
Anticonvulsant drug level decreas
Biopsy lymph gland
Gastrointestinal sound
Serology negative
Sensitivity of teeth
Gastrointestinal hypomotility
Gastrointestinal hypomo
Biopsy lung normal
CSF oligoclonal band abs
Gastrointestinal haemorrhage
Sedation
Gastrointestinal disorder
Seasonal allergy
Anticonvulsant drug level abo
Biopsy lung abnormal
CSF oligoclonal band a
Scrotal oedema
Scoliosis
Scleritis
Scleral discolouration
Biopsy lung
Gastric operation
Sciatica
Gastric mucosal hypertrophy
Gastric dilatation
Scan myocardial perfusion nor
Abscess limb
Activities of daily livi
Alcohol use
Anticoagulation drug level above
Biopsy liver abnormal
Gangrene
Scan adrenal gland
Sarcoidosis
Gallbladder disorder
Salivary gland pain
Salivary gland enlargem
CSF mononuclear cell count incre
Furuncle
Rubella
Fungal test
Fungal skin infection
Roseola
Antibody test positive
Fundoscopy abnormal
Right atrial dilatation
Functional gastrointestinal diso
Functional gastrointestinal d
Biopsy colon abnormal
CSF lymphocyte count increase
Functional gastrointest
Rheumatoid factor negat
CSF lymphocyte count in
Rheumatoid factor incre
CSF lymphocyte count abnormal
Full blood count abnor
Rhesus antibodies negative
Retinal infarction
CSF lactate normal
Retinal haemorrhage
CSF lactate dehydrogenase normal
Frostbite
Reticulocyte count increased
Freezing phenomenon
Respiratory tract irrita
Respiratory tract infection
CSF lactate
Respiratory tract infec
Respiratory tract infe
Foreign body sensation
Respiratory syncytial virus test
Foreign body
Respiratory syncytial virus test
CSF immunoglobulin inc
Respiratory syncytial vi
Albumin globulin ratio decreased
Food poisoning
Respiratory rate increa
Respiratory rate incre
Respiratory paralysis
Respiratory muscle weakness
Respiratory muscle weakn
Biopsy bone abnormal
Respiratory disorder n
Respiratory depression
Foetal exposure during p
Residual urine volume increas
Antibiotic resistant Staphylococc
Biopsy artery normal
Reproductive tract disorder
Renin normal
Renal function test nor
CSF culture
Renal failure chronic
Renal disorder
Renal cyst
Relapsing-remitting multiple scle
CSF cell count
Reflexes abnormal
Antiacetylcholine receptor antibo
CD8 lymphocytes decreased
Reflex test abnormal
CD4 lymphocytes decreased
Red cell distribution width i
Flat affect
Biomedical photography
C1 esterase inhibitor test
Red blood cells urine negative
Finger deformity
Fine motor delay
Red blood cells CSF posi
Fibula fracture
Binocular eye movement disorder
C-reactive protein nor
Red blood cell spherocytes pr
Red blood cell spherocy
Fibrin degradation prod
Binocular eye movement disord
Fibrin D dimer increase
Red blood cell morphology abnorma
Red blood cell elliptocytes prese
Abscess drainage
Activated protein C resistance te
Antiacetylcholine recep
Bilirubin urine
Red blood cell count nor
Red blood cell count i
Fibrin D dimer increas
Feeling of body temperature chan
Red blood cell count dec
Antiacetylcholine receptor antibo
Bilirubin conjugated increased
Rectal tube insertion
Rectal haemorrhage
Rectal examination abnormal
Bursa injury
Reaction to preservative
Reaction to food additive
Rash scarlatiniform
Anti-transglutaminase antibody ne
Bilirubin conjugated increase
Burning sensation mucos
Rash papulosquamous
Feeding disorder neonatal
Bilirubin conjugated
Feeding disorder neonata
Febrile infection
Fear of needles
Radioallergosorbent test positiv
Bilevel positive airway pressure
Brudzinski's sign
Radiculitis
Fluid replacement
Radicular syndrome
Fat necrosis
Radial pulse decreased
Brucella test negative
Radial pulse abnormal
Radial nerve palsy
Bilevel positive airway
Quality of life decreas
QRS axis normal
QRS axis abnormal
Bronchoscopy normal
Pyuria
Anti-thyroid antibody po
Beta-2 glycoprotein antibody
Faecal volume decreased
Pyelonephritis
Pupillary reflex impaired
Factor V Leiden mutation
Pupillary reflex impair
Pupillary light reflex tests norm
Pupil fixed
Pulse pressure decreased
Food aversion
Respiratory rate decre
Beta globulin increased
Pulse abnormal
Facial bones fracture
Pulmonary valve incompetence
Pulmonary hypertension
Bronchoalveolar lavage
Facet joint syndrome
Pulmonary function test normal
Activated protein C res
Pulmonary function test abnormal
Benign prostatic hyperplasia
Pulmonary function tes
Pulmonary function challenge test
Foreign body in eye
Respiratory syncytial virus test
Face and mouth X-ray abnormal
Pulmonary calcification
Pubic pain
Psychotic disorder
Psychosomatic disease
Respiratory tract infection bacte
CSF lactate dehydrogenas
Benign intracranial hypertension
Bronchial secretion retention
Eyelid pain
Psychomotor skills impaired
Biopsy brain
Retinal artery occlusion
Psychomotor hyperactivi
Psoriatic arthropathy
Bronchial disorder
Psoas abscess
Retinogram abnormal
Pseudomonas infection
Anti-thyroid antibody negativ
Benign intracranial hype
Bromosulphthalein test abnormal
Eyelid function disorde
Pseudohyponatraemia
Protrusion tongue
Breath sounds absent
Prothrombin time prolon
Prothrombin time prolo
Prothrombin time norma
Anti-thyroid antibody
Eye operation
Prothrombin level norm
Eye oedema
Protein S normal
Eye irrigation
Protein C decreased
Protein C
Prostatic specific anti
Prostatic disorder
Eye haemorrhage
CSF monocyte count increased
Product colour issue
Biopsy kidney abnormal
Breast mass
Procalcitonin increased
Preterm premature rupture of
Salivary gland enlargement
CSF myelin basic protein incr
Prerenal failure
Anti-platelet antibody negative
Breast cancer
Prenatal screening test abnormal
Premature rupture of mem
Gastric bypass
Scan myocardial perfusion normal
Extremity contracture
Premature baby
Breakthrough pain
Extrasystoles
Pregnancy test urine po
Gastric pH
Scleral hyperaemia
Basophil percentage decr
Pregnancy test urine negative
Extranodal marginal zone B-cell l
Extranodal marginal zo
Pregnancy test negativ
Brain stem auditory evoked respon
External ear pain
Precancerous skin lesion
Activated partial thromboplastin
Extensor plantar response
Brain stem auditory evo
Extensor plantar respo
Pouchitis
Seborrhoeic keratosis
Gastrointestinal haemo
Seizure cluster
Postural orthostatic tachycardia
Postural orthostatic tachycar
Expressive language disorder
Post vaccination syndrome
Gastrointestinal infec
Sensorimotor disorder
Positron emission tomogram normal
Expressive language dis
Positron emission tomogram abnorm
Exposure to vaccinated person
Positron emission tomogram
Gastrointestinal surgery
Serum ferritin increas
Exposure to communicable disease
Portopulmonary hypertension
Anti-islet cell antibody positive
Basophil count increas
Exposure to communicab
Poor dental condition
CSF pressure normal
Sexual dysfunction
Polymyositis
Brain natriuretic peptide
Polymerase chain reactio
Anticonvulsant drug level therape
Sickle cell anaemia with cris
Gastrooesophageal reflux dise
Polydactyly
Brain natriuretic pepti
Poikilocytosis
Alanine aminotransferas
Expired drug administe
Pneumonia streptococcal
Basophil count decrease
Exophthalmos
Pneumonia respiratory syncytial
Pneumonia pneumococcal
Exocrine pancreatic function tes
Pneumonia moraxella
Pneumonia bacterial
Pneumonia aspiration
Basedow's disease
Exercise tolerance decr
Pneumococcal infection
Pleural fluid analysis
Biopsy oesophagus
General physical health deteriora
Brain hypoxia
Platelet transfusion
Anti-insulin antibody
Basal ganglia stroke
Brain herniation
Exaggerated startle resp
Brain death
Ex-tobacco user
Platelet aggregation ab
Plasmacytosis
Plasma cells present
Bradyphrenia
Eustachian tube disorder
Placenta praevia
Biopsy peripheral nerv
Pityriasis rosea
Pityriasis
Pineal neoplasm
Pigmentation disorder
Barium swallow normal
Essential hypertension
Physical disability
Escherichia urinary tract infecti
Phonophobia
Escherichia test positi
Phlebitis
Escherichia infection
Bowel movement irregularity
Erythropoiesis abnormal
Pharyngeal ulceration
Biopsy peripheral nerve abnor
Smear cervix abnormal
Smear vaginal abnormal
Erythrodermic psoriasis
Pharyngeal hypoaesthes
CSF white blood cell count negat
Anti-glomerular basement memb
Barium swallow abnorma
Petit mal epilepsy
Erythema annulare
Bordetella test positive
Erythema ab igne
Peroneal muscular atroph
Glomerular filtration rate decrea
Peripheral vascular disorder
Barium swallow
Bordetella test negati
Peripheral sensorimotor neuropath
Biopsy salivary gland normal
Erectile dysfunction
Peripheral nerve transposition
Peripartum haemorrhage
Epstein-Barr virus test posit
Periostitis
Akathisia
Anti-ganglioside antibody
Periorbital cellulitis
Periodic limb movement disorder
Perineal injury
Pericardial haemorrhage
Epstein-Barr virus infection
Spinal cord oedema
Epstein-Barr virus antibody posit
Penis disorder
Barium enema
Epstein-Barr virus antibody p
Penile swelling
Peau d'orange
Patient isolation
Bone marrow oedema
Epstein-Barr virus antibody n
Parvovirus infection
Parvovirus B19 test positive
Barbiturates negative
Bone loss
Parotitis
Episcleritis
Parotid gland inflammation
Paresis cranial nerve
Paresis
Epigastric discomfort
Parenteral nutrition
Band neutrophil percentage increa
Parasomnia
Parasitic blood test negative
Bone densitometry
Parasite stool test negative
Parasite blood test
Abortion spontaneous complete
Activated partial thromboplastin
Anti-cyclic citrullinated peptide
Band neutrophil percentage increa
Eosinophil percentage in
Paranoia
Paranasal sinus hyperse
Steatorrhoea
Biopsy stomach abnormal
Steroid therapy
Eosinophil percentage de
Papillitis
Panniculitis
Stool analysis abnormal
Panic reaction
Panic disorder
Eosinophil count increa
Pancreas transplant
Anti-cyclic citrullinated peptide
Band neutrophil percent
Body temperature increa
Eosinophil count
Palmar-plantar erythrodysaesthesi
Biopsy thyroid gland
Enuresis
Palatal oedema
Band neutrophil percen
Enterovirus test negati
Enterovirus infection
Haemarthrosis
Subcutaneous emphysema
Packed red blood cell transfusion
Enterocolitis bacterial
PO2 decreased
Enterococcal infection
Oxygen saturation normal
Band neutrophil count increased
Energy increased
Oxygen saturation decrea
Oxygen saturation decr
Superficial vein prominence
Bloody discharge
Otitis media bacterial
Otitis externa
Endoscopy upper gastrointestinal
Osteoporosis
Osteonecrosis
Band neutrophil count
Blood zinc decreased
Endoscopy upper gastrointestinal
Osteomalacia
Endoscopy upper gastroi
Osmotic demyelination syndrome
Orthostatic intolerance
Anti-cyclic citrullinated peptide
Endoscopy gastrointestinal
Orthostatic hypertensi
Blood urine
Oropharyngeal swelling
T-lymphocyte count incre
Tachyarrhythmia
Endodontic procedure
Endocrine test normal
Oral pustule
Endocarditis viral
Oral mucosal exfoliation
Bacteroides test posit
Endocarditis
Oral infection
Hair texture abnormal
Temperature difference of ext
Blood uric acid decreas
Activated partial thromboplastin
Anti-SS-B antibody positive
Bacteriuria
Encephalomalacia
Optical coherence tomogr
Optic neuropathy
Hand deformity
Optic nerve cupping
Encephalitis brain stem
Optic discs blurred
Blood urea nitrogen/creatinine ra
Encephalitis allergic
Optic disc haemorrhage
Blast cells
Opiates positive
Opiates negative
Therapeutic aspiration
Blood urea nitrogen/creatinin
Ophthalmological examination norm
Ophthalmological examination abno
Embolic stroke
Ophthalmological examination
Ophthalmological examina
Blood urea nitrogen/crea
Electrophoresis protein norma
Ophthalmological exami
Abscess sterile
Open wound
Onychomycosis
Electrophoresis protein
Blast cells present
Thyroxine free decreased
Oesophagogastroduodenoscopy
Electrophoresis protei
Oesophagogastroduodenos
Oesophageal perforation
Electrophoresis abnormal
Oesophageal motility te
Heart valve incompetence
Electronystagmogram
Helicobacter test nega
Affective disorder
Anti-SS-B antibody nega
Bacterial sepsis
Oculogyric crisis
Helicobacter test negative
Occult blood negative
Occult blood
Obstructive airways dis
Obstructive airways di
Blood triglycerides norm
Obesity surgery
Anti-SS-B antibody neg
Bacteraemia
Nuclear magnetic resonance imagin
Nuclear magnetic resonance imagin
Electrocauterisation
Blood thyroid stimulating hormone
Nuclear magnetic resonance imagin
Electrocardiogram change
Electrocardiogram ambulatory nor
Anti-SS-A antibody positive
Back disorder
Blood thyroid stimulating hormone
Electrocardiogram ambulatory abn
Cardiolipin antibody ne
Total cholesterol/HDL ratio norma
Hepatic haematoma
Electrocardiogram ambulatory
Normochromic normocytic anaemia
Blood thyroid stimulating hormone
Electrocardiogram ambu
No therapeutic response
Blood thyroid stimulating hor
Nipple swelling
Nicotinamide
Electrocardiogram T wave inversio
Neutrophilia
Electrocardiogram T wave abnormal
Electrocardiogram T wave abno
Electrocardiogram T wa
Cardiopulmonary failure
Transient ischaemic atta
Blood testosterone normal
Electrocardiogram ST segment elev
Neutrophil count
Electrocardiogram ST segment depr
Neuropsychiatric syndr
Blood testosterone free
Electrocardiogram ST segment depr
Hepatitis A antigen negative
Electrocardiogram ST segment
Blood testosterone decr
Electrocardiogram ST se
Blood 25-hydroxycholecalcifer
Treponema test positive
Hepatitis B surface an
Trichotillomania
Carotid arteriosclerosi
Hepatitis B surface antigen n
Neurological examination abnorma
Electrocardiogram QT prolonged
Neurological examination abno
Electrocardiogram QT prolonge
Electrocardiogram QT i
Neurological decompensation
Electrocardiogram QRS complex nor
Electrocardiogram QRS
Electrocardiogram PR shortened
Nervous system disorde
Electrocardiogram PR prolongation
Nerve stimulation test abnormal
Electrocardiogram P wave normal
Nerve stimulation test
Nerve root injury thoracic
Nerve degeneration
Cataract
Hepatitis C virus test
Alopecia areata
Ehrlichia test
Nerve conduction studies abno
Anti-SS-A antibody neg
Autonomic nervous system imbalan
Ectopic kidney
Hepatitis viral test
Tympanometry abnormal
Catheter placement
Blood albumin increased
Hepatosplenomegaly
Type IV hypersensitivity reaction
Blood smear test abnor
Nephrectomy
Ulnar nerve injury
Autonomic nervous system imba
Blood pyruvic acid increased
Neck surgery
Neck injury
Blood proinsulin decreased
Near drowning
Early satiety
Natural killer cell count decreas
Nasal septum deviation
Autonomic nervous syste
Blood product transfusion
Ear, nose and throat examination
Nasal septal operation
Nasal polyps
Ear, nose and throat e
Nasal operation
Nasal oedema
Ear swelling
Nasal inflammation
Abnormal labour
Ear pruritus
Nasal flaring
High density lipoprotei
Ultrasound antenatal screen norma
Autonomic nervous syst
Blood product transfus
Nasal cavity packing
High density lipoprotein decreas
Ear lobe infection
Narrow anterior chamber angle
Central nervous system l
Blood pressure systolic increased
Nail discolouration
Myringitis bullous
Ear infection fungal
Autoimmune thyroiditis
Myopericarditis
Myopathy
Umbilical cord thrombosis
Central nervous system necrosis
Ear disorder
Myoglobin blood increas
Autoimmune thrombocytopenia
Myelopathy
Myelocyte percentage i
Blood alkaline phosphatase
Autoimmune neuropathy
Mycoplasma test positi
Dysphoria
Mycobacterium tubercul
Musculoskeletal disorder
Dysmorphism
Abortion missed
Actinic keratosis
Adnexa uteri pain
Dysmenorrhoea
Blood pressure abnorma
Dyslipidaemia
Autoantibody negative
Muscle necrosis
Dyscalculia
Muscle mass
Hypergammaglobulinaemi
Blood potassium increas
Muscle injury
Autism spectrum disord
Muscle contractions involunta
Muscle contractions invo
Multiple sclerosis relap
Multifocal motor neuropathy
Drug withdrawal syndrome
Mucosal ulceration
Mucosal inflammation
Drug level decreased
Adnexa uteri cyst
Anion gap normal
Blood potassium
Drug level
Motor neurone disease
Urine colour abnormal
Urine electrophoresis normal
Morton's neuroma
Moraxella test positive
Drug effect decreased
Mononucleosis heterophile test ne
Aura
Drug dispensing error
Mononucleosis heterophile test ne
Mononucleosis heteroph
Monocytosis
Drug administered to patient of i
Urobilinogen urine increased
Ceruloplasmin normal
Urogram
Hypertensive heart disease
Blood phosphorus decreas
Drug administered to p
Monocyte percentage de
Monocyte count decreased
Monocyte count
Molluscum contagiosum
Uterine atony
Cervical root pain
Uterine contractions during preg
Hypertrophic osteoarthropathy
Uterine dilation and e
Drug administered at inappropria
Mixed deafness
Mixed connective tissue disease
Administration site rash
Atypical pneumonia
Blood phosphorus
Mixed connective tissu
Mitral valve prolapse
Mitochondrial myopathy
Blood pH decreased
Milk allergy
Atrophy
Blood osmolarity increa
Milia
Migraine with aura
Diverticulitis
Middle ear effusion
Microbiology test abnormal
Disturbance in social behaviour
Metrorrhagia
Chemotherapy
Methylenetetrahydrofola
Metastatic renal cell carcinoma
Blood mercury normal
Disturbance in attentio
Metastases to meninges
Distractibility
Metabolic function test norma
Metabolic function test abnor
Disseminated intravascular coagul
Metabolic alkalosis
Mesenteric artery thrombosis
Angiotensin converting enzyme inc
Mental disability
Menstruation irregular
Menorrhagia
Meningitis bacterial
Blood magnesium decreased
Dilatation ventricular
Meningism
Blood magnesium decrease
Differential white blood cell cou
Meniere's disease
Megakaryocytes increase
Differential white blood cell co
Hypoxic-ischaemic encep
Measles post vaccine
Measles antibody positive
Measles antibody negative
Measles antibody negativ
Chlamydia test negative
Measles
Mean platelet volume increase
Ventricular extrasysto
Mean platelet volume in
Aortic valve incompete
Ventricular tachycardia
Atopy
Blood lead normal
Diaphragmatic disorder
Mean platelet volume dec
Mean platelet volume de
Diaphragm muscle weakness
Mean platelet volume d
Abortion induced
Angiogram retina
Athetosis
Mean cell volume increas
Mean cell volume increa
Diabetic neuropathy
Illusion
Vibratory sense increas
Mean cell haemoglobin increas
Diabetic foot
Mean cell haemoglobin in
Diabetes mellitus inadequate cont
Chondrocalcinosis
Mean cell haemoglobin concentrati
Blood lactate dehydrogenase norma
Diabetes mellitus inade
Mean cell haemoglobin concentrati
Diabetes mellitus
Mean cell haemoglobin concentrat
Dermatomyositis
Mean cell haemoglobin co
Angiogram pulmonary normal
Blood lactate dehydrogenase incr
Dermatitis bullous
Dermatitis atopic
Visual evoked potentials abnorma
Blood lactate dehydrogenase i
Maternal exposure before pregnanc
Maternal exposure befo
Visual field tests normal
Astigmatism
Blood lactate dehydrogenase decre
Mastocytosis
Immunoglobulins increas
Vitamin B1 deficiency
Blood lactate dehydrogen
Malignant tumour excis
Blood lactate dehydroge
Dental caries
Malabsorption
Maculopathy
Blood lactate dehydrog
Macrophages increased
Chronic inflammatory de
Lymphoma
Blood ketone body
Demyelinating polyneur
Blood catecholamines n
Dementia
Delusion
Lymphocyte morphology normal
Lymphocyte morphology abnorma
Lymphocyte morphology a
Lymphocyte morphology
Deep vein thrombosis
Lymphocyte count increas
Lymphocyte count incre
Blood insulin increased
Lymphocyte count decreased
Lymphocyte count decreas
Chronic inflammatory demyelinatin
Inability to crawl
Acoustic stimulation t
Blood immunoglobulin M n
Lymphocyte count
Lymphangitis
Lymph node palpable
Decreased interest
Lymph gland infection
Inappropriate antidiuretic ho
West Nile virus test ne
Blood immunoglobulin M decreased
Lung hyperinflation
Aspiration bone marrow
Blood immunoglobulin M decrea
Lung abscess
Death neonatal
Blood immunoglobulin M d
Lumbar puncture abnorm
Low density lipoprotein decre
Dark circles under eyes
Loose tooth
Loop electrosurgical excision
DNA antibody
Blood immunoglobulin G increa
Cytomegalovirus test positive
Liver transplant
Blood immunoglobulin G decreased
Liver scan abnormal
Liver function test nor
Cytomegalovirus test ne
Liver function test no
Liver function test abn
Cytomegalovirus test
Liver disorder
Incorrect route of dru
Cytology normal
Cytokeratin 18
Lipoma excision
Cytogenetic analysis nor
Lipoatrophy
Anger
Aspartate aminotransferase incre
Blood immunoglobulin E i
Cytogenetic analysis ab
Lipids increased
Lipase normal
Cystitis-like symptom
Lipase increased
Cystitis escherichia
Lip pruritus
Lip haemorrhage
Cyst aspiration
Lip exfoliation
Increased tendency to b
Xanthopsia
Xerosis
Yellow skin
Cyst
Lip disorder
Blood immunoglobulin A increased
Cyclothymic disorder
Limb reduction defect
Abortion
Light chain analysis increase
Anaphylactoid reaction
Aspartate aminotransfera
Blood immunoglobulin A increa
Cutaneous lupus erythematosus
Light chain analysis i
