would like:pos=MD:source=lexicon_151211_Halil:priorpolarity=positive
would love:pos=MD:source=lexicon_151211_Halil:priorpolarity=positive
willing:pos=JJ:source=lexicon_151211_Halil:priorpolarity=positive
want:pos=VB:source=lexicon_151211_Halil:priorpolarity=positive
prefer:pos=VB:source=lexicon_151211_Halil:priorpolarity=positive
long:pos=VB:source=lexicon_151211_Halil:priorpolarity=positive
call:pos=VB:source=lexicon_151211_Halil:priorpolarity=positive
request:pos=VB:source=lexicon_151211_Halil:priorpolarity=positive
request:pos=NN:source=lexicon_151211_Halil:priorpolarity=positive
hope:pos=VB:source=lexicon_151211_Halil:priorpolarity=positive
hope:pos=NN:source=lexicon_151211_Halil:priorpolarity=positive
favor:pos=VB:source=lexicon_151211_Halil:priorpolarity=positive
desire:pos=NN:source=lexicon_151211_Halil:priorpolarity=positive
reluctant:pos=JJ:source=lexicon_151211_Halil:priorpolarity=positive
eager:pos=JJ:source=lexicon_151211_Halil:priorpolarity=positive
advocate:pos=VB:source=lexicon_151211_Halil:priorpolarity=positive
anxious:pos=JJ:source=lexicon_151211_Halil:priorpolarity=positive
solicit:pos=VB:source=lexicon_151211_Halil:priorpolarity=positive
petition:pos=VB:source=lexicon_151211_Halil:priorpolarity=positive
petition:pos=NN:source=lexicon_151211_Halil:priorpolarity=positive
wish:pos=VB:source=lexicon_151211_Halil:priorpolarity=positive
yearn:pos=VB:source=lexicon_151211_Halil:priorpolarity=positive
wish:pos=NN:source=lexicon_151211_Halil:priorpolarity=positive
willingness:pos=NN:source=lexicon_151211_Halil:priorpolarity=positive
crave:pos=VB:source=lexicon_151211_Halil:priorpolarity=positive
poised:pos=VBN:source=lexicon_151211_Halil:priorpolarity=positive
incline towards:pos=VB:source=lexicon_151211_Halil:priorpolarity=positive
have desire:pos=VB:source=lexicon_151211_Halil:priorpolarity=positive
interested in:pos=JJ:source=lexicon_151211_Halil:priorpolarity=positive
covet:pos=VB:source=lexicon_151211_Halil:priorpolarity=positive
aspire:pos=VB:source=lexicon_151211_Halil:priorpolarity=positive
effort:pos=NN:source=lexicon_151211_Halil:priorpolarity=positive
attempt:pos=VB:source=lexicon_151211_Halil:priorpolarity=positive
attempt:pos=NN:source=lexicon_151211_Halil:priorpolarity=neutral
try:pos=VB:source=lexicon_151211_Halil:priorpolarity=positive
endeavor:pos=VB:source=lexicon_151211_Halil:priorpolarity=positive
seek:pos=VB:source=lexicon_151211_Halil:priorpolarity=positive
decision:pos=NN:source=lexicon_151211_Halil:priorpolarity=neutral
work:pos=VB:source=lexicon_151211_Halil:priorpolarity=positive
prepare:pos=VB:source=lexicon_151211_Halil:priorpolarity=positive
set:pos=VB:source=lexicon_151211_Halil:priorpolarity=positive
tackle:pos=VB:source=lexicon_151211_Halil:priorpolarity=positive
aim to:pos=VB:source=lexicon_151211_Halil:priorpolarity=neutral
agreement:pos=NN:source=lexicon_151211_Halil:priorpolarity=positive
aim:pos=VB:source=lexicon_151211_Halil:priorpolarity=positive
aim:pos=NN:source=lexicon_151211_Halil:priorpolarity=positive
plan:pos=NN:source=lexicon_151211_Halil:priorpolarity=positive
offer:pos=VB:source=lexicon_151211_Halil:priorpolarity=positive
move:pos=VB:source=lexicon_151211_Halil:priorpolarity=positive
intend:pos=VB:source=lexicon_151211_Halil:priorpolarity=positive
intention:pos=NN:source=lexicon_151211_Halil:priorpolarity=positive
intent:pos=NN:source=lexicon_151211_Halil:priorpolarity=positive
wait:pos=VB:source=lexicon_151211_Halil:priorpolarity=positive
contend:pos=VB:source=lexicon_151211_Halil:priorpolarity=positive
promise:pos=VB:source=lexicon_151211_Halil:priorpolarity=positive
promise:pos=NN:source=lexicon_151211_Halil:priorpolarity=positive
engineer:pos=VB:source=lexicon_151211_Halil:priorpolarity=positive
await:pos=VB:source=lexicon_151211_Halil:priorpolarity=positive
devote:pos=VB:source=lexicon_151211_Halil:priorpolarity=positive
bother:pos=VB:source=lexicon_151211_Halil:priorpolarity=positive
contemplate:pos=VB:source=lexicon_151211_Halil:priorpolarity=positive
pledge:pos=VB:source=lexicon_151211_Halil:priorpolarity=positive
pledge:pos=NN:source=lexicon_151211_Halil:priorpolarity=positive
prepared:pos=VBN:source=lexicon_151211_Halil:priorpolarity=positive
conspire:pos=VB:source=lexicon_151211_Halil:priorpolarity=neutral
dare:pos=VB:source=lexicon_151211_Halil:priorpolarity=positive
wrangle:pos=NN:source=lexicon_151211_Halil:priorpolarity=neutral
have to:pos=VB:source=lexicon_151211_Halil:priorpolarity=positive
should:pos=MD:source=lexicon_151211_Halil:priorpolarity=positive
ought to:pos=MD:source=lexicon_151211_Halil:priorpolarity=positive
need:pos=VB:source=lexicon_151211_Halil:priorpolarity=positive
require:pos=VB:source=lexicon_151211_Halil:priorpolarity=positive
responsible:pos=JJ:source=lexicon_151211_Halil:priorpolarity=positive
necessary:pos=JJ:source=lexicon_151211_Halil:priorpolarity=positive
depend:pos=VB:source=lexicon_151211_Halil:priorpolarity=positive
critical:pos=JJ:source=lexicon_151211_Halil:priorpolarity=positive
important:pos=JJ:source=lexicon_151211_Halil:priorpolarity=positive
crucial:pos=JJ:source=lexicon_151211_Halil:priorpolarity=positive
requirement:pos=NN:source=lexicon_151211_Halil:priorpolarity=positive
enforce:pos=VB:source=lexicon_151211_Halil:priorpolarity=positive
force:pos=NN:source=lexicon_151211_Halil:priorpolarity=positive
have:pos=VB:source=lexicon_151211_Halil:priorpolarity=positive
make:pos=VB:source=lexicon_151211_Halil:priorpolarity=positive
need:pos=NN:source=lexicon_151211_Halil:priorpolarity=positive
urge:pos=VB:source=lexicon_151211_Halil:priorpolarity=positive
responsibility:pos=NN:source=lexicon_151211_Halil:priorpolarity=positive
enforcement:pos=NN:source=lexicon_151211_Halil:priorpolarity=positive
have got:pos=VB:source=lexicon_151211_Halil:priorpolarity=neutral
obligatory:pos=JJ:source=lexicon_151211_Halil:priorpolarity=positive
oblige:pos=VB:source=lexicon_151211_Halil:priorpolarity=positive
obliged:pos=VBN:source=lexicon_151211_Halil:priorpolarity=positive
mandatory:pos=JJ:source=lexicon_151211_Halil:priorpolarity=positive
had better:pos=VBD:source=lexicon_151211_Halil:priorpolarity=positive
have the need :pos=VBD:source=lexicon_151211_Halil:priorpolarity=positive
compel:pos=VB:source=lexicon_151211_Halil:priorpolarity=positive
impel:pos=VB:source=lexicon_151211_Halil:priorpolarity=positive
impel:pos=VB:source=lexicon_151211_Halil:priorpolarity=positive
get:pos=VB:source=lexicon_151211_Halil:priorpolarity=positive
prompt:pos=VB:source=lexicon_151211_Halil:priorpolarity=positive
push:pos=VB:source=lexicon_151211_Halil:priorpolarity=positive
inspire:pos=VB:source=lexicon_151211_Halil:priorpolarity=positive
drive:pos=VB:source=lexicon_151211_Halil:priorpolarity=positive
obligate:pos=VB:source=lexicon_151211_Halil:priorpolarity=positive
needed:pos=VBN:source=lexicon_151211_Halil:priorpolarity=positive
press:pos=NN:source=lexicon_151211_Halil:priorpolarity=positive
interesting:pos=JJ:source=lexicon_151211_Halil:priorpolarity=positive
head:pos=NN:source=lexicon_151211_Halil:priorpolarity=neutral
commit:pos=VB:source=lexicon_151211_Halil:priorpolarity=neutral
turn:pos=VB:source=lexicon_151211_Halil:priorpolarity=positive
model:pos=NN:source=lexicon_151211_Halil:priorpolarity=neutral
significant:pos=JJ:source=lexicon_151211_Halil:priorpolarity=positive
strongly:pos=RB:source=lexicon_151211_Halil:priorpolarity=neutral
approach:pos=NN:source=lexicon_151211_Halil:priorpolarity=neutral
acquire:pos=VB:source=lexicon_151211_Halil:priorpolarity=neutral
search:pos=NN:source=lexicon_151211_Halil:priorpolarity=neutral
choose:pos=VB:source=lexicon_151211_Halil:priorpolarity=neutral
link:pos=NN:source=lexicon_151211_Halil:priorpolarity=neutral
refer:pos=VB:source=lexicon_151211_Halil:priorpolarity=neutral
interpretation:pos=NN:source=lexicon_151211_Halil:priorpolarity=neutral
list:pos=NN:source=lexicon_151211_Halil:priorpolarity=neutral
conditional:pos=JJ:source=lexicon_151211_Halil:priorpolarity=positive
commitment:pos=NN:source=lexicon_151211_Halil:priorpolarity=positive
available:pos=JJ:source=lexicon_151211_Halil:priorpolarity=neutral
improve:pos=VB:source=lexicon_151211_Halil:priorpolarity=positive
sign:pos=NN:source=lexicon_151211_Halil:priorpolarity=neutral
exciting:pos=JJ:source=lexicon_151211_Halil:priorpolarity=positive
attribute:pos=NN:source=lexicon_151211_Halil:priorpolarity=neutral
emphasize:pos=VB:source=lexicon_151211_Halil:priorpolarity=neutral
reveal:pos=VB:source=lexicon_151211_Halil:priorpolarity=neutral
carry:pos=VB:source=lexicon_151211_Halil:priorpolarity=neutral
achieve:pos=VB:source=lexicon_151211_Halil:priorpolarity=positive
realize:pos=VB:source=lexicon_151211_Halil:priorpolarity=neutral
in principle:pos=IN:source=lexicon_151211_Halil:priorpolarity=neutral
chance:pos=NN:source=lexicon_151211_Halil:priorpolarity=neutral
delay:pos=NN:source=lexicon_151211_Halil:priorpolarity=neutral
interpret:pos=VB:source=lexicon_151211_Halil:priorpolarity=neutral
publish:pos=VB:source=lexicon_151211_Halil:priorpolarity=neutral
goal:pos=NN:source=lexicon_151211_Halil:priorpolarity=neutral
look:pos=VB:source=lexicon_151211_Halil:priorpolarity=neutral
tolerate:pos=VB:source=lexicon_151211_Halil:priorpolarity=positive
recall:pos=NN:source=lexicon_151211_Halil:priorpolarity=neutral
open:pos=JJ:source=lexicon_151211_Halil:priorpolarity=positive
clearance:pos=NN:source=lexicon_151211_Halil:priorpolarity=neutral
contrast with:pos=NN:source=lexicon_151211_Halil:priorpolarity=neutral
fulfill:pos=VB:source=lexicon_151211_Halil:priorpolarity=neutral
improvement:pos=NN:source=lexicon_151211_Halil:priorpolarity=positive
caution:pos=NN:source=lexicon_151211_Halil:priorpolarity=neutral
account:pos=NN:source=lexicon_151211_Halil:priorpolarity=neutral
implement:pos=VB:source=lexicon_151211_Halil:priorpolarity=neutral
stem from:pos=VB:source=lexicon_151211_Halil:priorpolarity=neutral
pay:pos=VB:source=lexicon_151211_Halil:priorpolarity=neutral
approval:pos=NN:source=lexicon_151211_Halil:priorpolarity=positive
ask what:pos=VB:source=lexicon_151211_Halil:priorpolarity=neutral
devise:pos=VB:source=lexicon_151211_Halil:priorpolarity=neutral
satisfy:pos=VB:source=lexicon_151211_Halil:priorpolarity=positive
entitle:pos=VB:source=lexicon_151211_Halil:priorpolarity=neutral
acceptance:pos=NN:source=lexicon_151211_Halil:priorpolarity=positive
generalization:pos=NN:source=lexicon_151211_Halil:priorpolarity=neutral
encourage:pos=VB:source=lexicon_151211_Halil:priorpolarity=positive
last:pos=RB:source=lexicon_151211_Halil:priorpolarity=neutral
acknowledge:pos=VB:source=lexicon_151211_Halil:priorpolarity=positive
answer:pos=NN:source=lexicon_151211_Halil:priorpolarity=neutral
whether:pos=IN:source=lexicon_151211_Halil:priorpolarity=neutral
develop:pos=VB:source=lexicon_151211_Halil:priorpolarity=neutral
value:pos=NN:source=lexicon_151211_Halil:priorpolarity=positive
post:pos=JJ:source=lexicon_151211_Halil:priorpolarity=neutral
extend:pos=VB:source=lexicon_151211_Halil:priorpolarity=neutral
charge:pos=NN:source=lexicon_151211_Halil:priorpolarity=neutral
subject:pos=JJ:source=lexicon_151211_Halil:priorpolarity=neutral
acquisition:pos=NN:source=lexicon_151211_Halil:priorpolarity=neutral
relate:pos=VB:source=lexicon_151211_Halil:priorpolarity=neutral
right:pos=JJ:source=lexicon_151211_Halil:priorpolarity=positive
preference:pos=NN:source=lexicon_151211_Halil:priorpolarity=positive
counter:pos=VB:source=lexicon_151211_Halil:priorpolarity=neutral
option:pos=NN:source=lexicon_151211_Halil:priorpolarity=neutral
name:pos=NN:source=lexicon_151211_Halil:priorpolarity=neutral
check:pos=NN:source=lexicon_151211_Halil:priorpolarity=neutral
signify:pos=VB:source=lexicon_151211_Halil:priorpolarity=positive
demand:pos=NN:source=lexicon_151211_Halil:priorpolarity=both
settle:pos=VB:source=lexicon_151211_Halil:priorpolarity=positive
invite:pos=VB:source=lexicon_151211_Halil:priorpolarity=neutral
specify:pos=VB:source=lexicon_151211_Halil:priorpolarity=positive
notion:pos=NN:source=lexicon_151211_Halil:priorpolarity=neutral
vital:pos=JJ:source=lexicon_151211_Halil:priorpolarity=positive
extension:pos=NN:source=lexicon_151211_Halil:priorpolarity=neutral
resolve:pos=VB:source=lexicon_151211_Halil:priorpolarity=positive
design:pos=NN:source=lexicon_151211_Halil:priorpolarity=neutral
protect:pos=VB:source=lexicon_151211_Halil:priorpolarity=positive
spread:pos=NN:source=lexicon_151211_Halil:priorpolarity=neutral
talk:pos=NN:source=lexicon_151211_Halil:priorpolarity=neutral
reference:pos=NN:source=lexicon_151211_Halil:priorpolarity=neutral
coordination:pos=NN:source=lexicon_151211_Halil:priorpolarity=neutral
comment:pos=NN:source=lexicon_151211_Halil:priorpolarity=neutral
read:pos=VB:source=lexicon_151211_Halil:priorpolarity=neutral
organize:pos=VB:source=lexicon_151211_Halil:priorpolarity=neutral
necessarily:pos=RB:source=lexicon_151211_Halil:priorpolarity=positive
withdraw:pos=VB:source=lexicon_151211_Halil:priorpolarity=neutral
find out:pos=VB:source=lexicon_151211_Halil:priorpolarity=neutral
deserve:pos=VB:source=lexicon_151211_Halil:priorpolarity=positive
defend:pos=VB:source=lexicon_151211_Halil:priorpolarity=positive
cease:pos=VB:source=lexicon_151211_Halil:priorpolarity=neutral
command:pos=NN:source=lexicon_151211_Halil:priorpolarity=neutral
relevant:pos=JJ:source=lexicon_151211_Halil:priorpolarity=positive
undertake:pos=VB:source=lexicon_151211_Halil:priorpolarity=neutral
suggestion:pos=NN:source=lexicon_151211_Halil:priorpolarity=neutral
expand:pos=VB:source=lexicon_151211_Halil:priorpolarity=neutral
postpone:pos=VB:source=lexicon_151211_Halil:priorpolarity=neutral
figure:pos=NN:source=lexicon_151211_Halil:priorpolarity=neutral
confer:pos=VB:source=lexicon_151211_Halil:priorpolarity=positive
accept:pos=VB:source=lexicon_151211_Halil:priorpolarity=positive
opening:pos=NN:source=lexicon_151211_Halil:priorpolarity=neutral
prevail:pos=VB:source=lexicon_151211_Halil:priorpolarity=neutral
view:pos=NN:source=lexicon_151211_Halil:priorpolarity=neutral
confidence:pos=NN:source=lexicon_151211_Halil:priorpolarity=positive
verify:pos=VB:source=lexicon_151211_Halil:priorpolarity=neutral
access:pos=NN:source=lexicon_151211_Halil:priorpolarity=neutral
adopt:pos=VB:source=lexicon_151211_Halil:priorpolarity=neutral
cover:pos=VB:source=lexicon_151211_Halil:priorpolarity=neutral
solve:pos=VB:source=lexicon_151211_Halil:priorpolarity=neutral
notify:pos=VB:source=lexicon_151211_Halil:priorpolarity=neutral
become:pos=VB:source=lexicon_151211_Halil:priorpolarity=neutral
ensure:pos=VB:source=lexicon_151211_Halil:priorpolarity=positive
cite:pos=VB:source=lexicon_151211_Halil:priorpolarity=neutral
rule:pos=NN:source=lexicon_151211_Halil:priorpolarity=neutral
outcome:pos=NN:source=lexicon_151211_Halil:priorpolarity=neutral
schedule:pos=NN:source=lexicon_151211_Halil:priorpolarity=neutral
ready:pos=JJ:source=lexicon_151211_Halil:priorpolarity=positive
term:pos=NN:source=lexicon_151211_Halil:priorpolarity=neutral
point:pos=NN:source=lexicon_151211_Halil:priorpolarity=neutral
inform:pos=VB:source=lexicon_151211_Halil:priorpolarity=neutral
beginning:pos=NN:source=lexicon_151211_Halil:priorpolarity=neutral
price:pos=NN:source=lexicon_151211_Halil:priorpolarity=neutral
sell:pos=VB:source=lexicon_151211_Halil:priorpolarity=neutral
bid:pos=VB:source=lexicon_151211_Halil:priorpolarity=neutral
development:pos=NN:source=lexicon_151211_Halil:priorpolarity=neutral
file:pos=VB:source=lexicon_151211_Halil:priorpolarity=neutral
meet:pos=VB:source=lexicon_151211_Halil:priorpolarity=neutral
vote:pos=VB:source=lexicon_151211_Halil:priorpolarity=neutral
settlement:pos=NN:source=lexicon_151211_Halil:priorpolarity=neutral
ease:pos=VB:source=lexicon_151211_Halil:priorpolarity=neutral
close:pos=VB:source=lexicon_151211_Halil:priorpolarity=neutral
handle:pos=VB:source=lexicon_151211_Halil:priorpolarity=neutral
negotiation:pos=NN:source=lexicon_151211_Halil:priorpolarity=neutral
negotiate:pos=VB:source=lexicon_151211_Halil:priorpolarity=neutral
appeal:pos=VB:source=lexicon_151211_Halil:priorpolarity=neutral
elect:pos=VB:source=lexicon_151211_Halil:priorpolarity=neutral
boost:pos=NN:source=lexicon_151211_Halil:priorpolarity=neutral
convict:pos=VB:source=lexicon_151211_Halil:priorpolarity=neutral
conversation:pos=NN:source=lexicon_151211_Halil:priorpolarity=neutral
sound:pos=VB:source=lexicon_151211_Halil:priorpolarity=neutral
compliance:pos=NN:source=lexicon_151211_Halil:priorpolarity=neutral
indict:pos=VB:source=lexicon_151211_Halil:priorpolarity=neutral
careful:pos=JJ:source=lexicon_151211_Halil:priorpolarity=neutral
objection:pos=NN:source=lexicon_151211_Halil:priorpolarity=neutral
celebrate:pos=VB:source=lexicon_151211_Halil:priorpolarity=neutral
anniversary:pos=NN:source=lexicon_151211_Halil:priorpolarity=neutral
excuse:pos=VB:source=lexicon_151211_Halil:priorpolarity=neutral
breakup:pos=NN:source=lexicon_151211_Halil:priorpolarity=neutral
adoption:pos=NN:source=lexicon_151211_Halil:priorpolarity=neutral
invitation:pos=NN:source=lexicon_151211_Halil:priorpolarity=neutral
swear:pos=VB:source=lexicon_151211_Halil:priorpolarity=neutral
pull off:pos=VB:source=lexicon_151211_Halil:priorpolarity=neutral
hesitate:pos=VB:source=lexicon_151211_Halil:priorpolarity=neutral
accomplishment:pos=NN:source=lexicon_151211_Halil:priorpolarity=neutral
approve of:pos=VB:source=lexicon_151211_Halil:priorpolarity=neutral
strive:pos=VB:source=lexicon_151211_Halil:priorpolarity=neutral
welcome:pos=JJ:source=lexicon_151211_Halil:priorpolarity=neutral
sigh:pos=NN:source=lexicon_151211_Halil:priorpolarity=neutral
forgive:pos=VB:source=lexicon_151211_Halil:priorpolarity=neutral
irrelevant:pos=JJ:source=lexicon_151211_Halil:priorpolarity=neutral
apt:pos=JJ:source=lexicon_151211_Halil:priorpolarity=neutral
be glad:pos=VB:source=lexicon_151211_Halil:priorpolarity=neutral
keen:pos=JJ:source=lexicon_151211_Halil:priorpolarity=neutral
thank:pos=VB:source=lexicon_151211_Halil:priorpolarity=neutral
worthwhile:pos=JJ:source=lexicon_151211_Halil:priorpolarity=neutral
apologize:pos=VB:source=lexicon_151211_Halil:priorpolarity=neutral
suspect:pos=JJ:source=lexicon_151211_Halil:priorpolarity=neutral
sketch:pos=NN:source=lexicon_151211_Halil:priorpolarity=neutral
beg:pos=VB:source=lexicon_151211_Halil:priorpolarity=neutral
refrain:pos=VB:source=lexicon_151211_Halil:priorpolarity=neutral
in need of:pos=VB:source=lexicon_151211_Halil:priorpolarity=neutral
laugh:pos=NN:source=lexicon_151211_Halil:priorpolarity=neutral
certify:pos=VB:source=lexicon_151211_Halil:priorpolarity=neutral
congratulate:pos=VB:source=lexicon_151211_Halil:priorpolarity=neutral
lament:pos=NN:source=lexicon_151211_Halil:priorpolarity=neutral
endeavor:pos=NN:source=lexicon_151211_Halil:priorpolarity=neutral
okay:pos=JJ:source=lexicon_151211_Halil:priorpolarity=neutral
fully intend to:pos=JJ:source=lexicon_151211_Halil:priorpolarity=neutral
vow:pos=NN:source=lexicon_151211_Halil:priorpolarity=neutral
disfavor:pos=NN:source=lexicon_151211_Halil:priorpolarity=neutral
contrive:pos=NN:source=lexicon_151211_Halil:priorpolarity=neutral
according:pos=NNP:source=lexicon_151211_Halil:priorpolarity=neutral
hold the opinion:pos=NNP:source=lexicon_151211_Halil:priorpolarity=neutral
compliant:pos=NN:source=lexicon_151211_Halil:priorpolarity=neutral
accused:pos=VBN:source=lexicon_151211_Halil:priorpolarity=neutral
deplore:pos=NN:source=lexicon_151211_Halil:priorpolarity=neutral
sign off:pos=VB:source=lexicon_151211_Halil:priorpolarity=neutral
thanks to:pos=NNS:source=lexicon_151211_Halil:priorpolarity=neutral
urgent:pos=JJ:source=lexicon_151211_Halil:priorpolarity=neutral
decry:pos=RB:source=lexicon_151211_Halil:priorpolarity=neutral
lust:pos=NN:source=lexicon_151211_Halil:priorpolarity=neutral
devote:pos=VB:source=lexicon_151211_Halil:priorpolarity=neutral
eligible:pos=JJ:source=lexicon_151211_Halil:priorpolarity=neutral
accusation:pos=NN:source=lexicon_151211_Halil:priorpolarity=neutral
encouragement:pos=NN:source=lexicon_151211_Halil:priorpolarity=neutral
resentment:pos=NN:source=lexicon_151211_Halil:priorpolarity=neutral
rebut:pos=VB:source=lexicon_151211_Halil:priorpolarity=neutral
hunger:pos=NN:source=lexicon_151211_Halil:priorpolarity=neutral
pretend:pos=VB:source=lexicon_151211_Halil:priorpolarity=neutral
reply:pos=NN:source=lexicon_151211_Halil:priorpolarity=neutral
deflect:pos=VB:source=lexicon_151211_Halil:priorpolarity=neutral
tragic:pos=JJ:source=lexicon_151211_Halil:priorpolarity=neutral
ratification:pos=NN:source=lexicon_151211_Halil:priorpolarity=neutral
delighted:pos=JJ:source=lexicon_151211_Halil:priorpolarity=neutral
resent:pos=VB:source=lexicon_151211_Halil:priorpolarity=neutral
pine:pos=NN:source=lexicon_151211_Halil:priorpolarity=neutral
fancy:pos=NN:source=lexicon_151211_Halil:priorpolarity=neutral
delight:pos=NN:source=lexicon_151211_Halil:priorpolarity=neutral
disregard:pos=VB:source=lexicon_151211_Halil:priorpolarity=neutral
spell:pos=NN:source=lexicon_151211_Halil:priorpolarity=neutral
look forward to:pos=NN:source=lexicon_151211_Halil:priorpolarity=neutral
count on:pos=VB:source=lexicon_151211_Halil:priorpolarity=neutral
unmistakable:pos=JJ:source=lexicon_151211_Halil:priorpolarity=neutral
chant:pos=NN:source=lexicon_151211_Halil:priorpolarity=neutral
stall:pos=NN:source=lexicon_151211_Halil:priorpolarity=neutral
envisage:pos=NN:source=lexicon_151211_Halil:priorpolarity=neutral
ask where:pos=VB:source=lexicon_151211_Halil:priorpolarity=neutral
better:pos=JJR:source=lexicon_151211_Halil:priorpolarity=neutral
symbolize:pos=NN:source=lexicon_151211_Halil:priorpolarity=neutral
assail:pos=NN:source=lexicon_151211_Halil:priorpolarity=neutral
beseech:pos=NN:source=lexicon_151211_Halil:priorpolarity=neutral
incline toward:pos=VB:source=lexicon_151211_Halil:priorpolarity=neutral
ask which:pos=VB:source=lexicon_151211_Halil:priorpolarity=neutral
protext:pos=NN:source=lexicon_151211_Halil:priorpolarity=neutral
ask when:pos=VB:source=lexicon_151211_Halil:priorpolarity=neutral
strance:pos=NN:source=lexicon_151211_Halil:priorpolarity=neutral
infallible:pos=NN:source=lexicon_151211_Halil:priorpolarity=neutral
worried:pos=VBN:source=lexicon_151211_Halil:priorpolarity=neutral
disapprove:pos=NN:source=lexicon_151211_Halil:priorpolarity=neutral
sanctify:pos=RB:source=lexicon_151211_Halil:priorpolarity=neutral
entreat:pos=NN:source=lexicon_151211_Halil:priorpolarity=neutral
staunch:pos=JJ:source=lexicon_151211_Halil:priorpolarity=neutral
convict:pos=VB:source=lexicon_151211_Halil:priorpolarity=neutral
worse:pos=JJR:source=lexicon_151211_Halil:priorpolarity=neutral
gloss:pos=VB:source=lexicon_151211_Halil:priorpolarity=neutral
hail:pos=NN:source=lexicon_151211_Halil:priorpolarity=neutral
shout:pos=NN:source=lexicon_151211_Halil:priorpolarity=neutral
brim:pos=NN:source=lexicon_151211_Halil:priorpolarity=neutral
certification:pos=NN:source=lexicon_151211_Halil:priorpolarity=neutral
ordain:pos=NN:source=lexicon_151211_Halil:priorpolarity=neutral
ask how:pos=VB:source=lexicon_151211_Halil:priorpolarity=neutral
concoct:pos=NN:source=lexicon_151211_Halil:priorpolarity=neutral
unerring:pos=NN:source=lexicon_151211_Halil:priorpolarity=neutral
fact:pos=NN:source=lexicon_151211_Halil:priorpolarity=positive
clearly:pos=RB:source=lexicon_151211_Halil:priorpolarity=positive
clear:pos=JJ:source=lexicon_151211_Halil:priorpolarity=positive
obvious:pos=JJ:source=lexicon_151211_Halil:priorpolarity=positive
obviously:pos=RB:source=lexicon_151211_Halil:priorpolarity=positive
known:pos=JJ:source=lexicon_151211_Halil:priorpolarity=positive
known:pos=VBN:source=lexicon_151211_Halil:priorpolarity=positive
well-known:pos=JJ:source=lexicon_151211_Halil:priorpolarity=positive
know:pos=VB:source=lexicon_151211_Halil:priorpolarity=positive
knowledge:pos=NN:source=lexicon_151211_Halil:priorpolarity=positive
certainty:pos=NN:source=lexicon_151211_Halil:priorpolarity=positive
certain:pos=JJ:source=lexicon_151211_Halil:priorpolarity=positive
certainly:pos=RB:source=lexicon_151211_Halil:priorpolarity=positive
understanding:pos=NN:source=lexicon_151211_Halil:priorpolarity=positive
understand:pos=VB:source=lexicon_151211_Halil:priorpolarity=positive
discover:pos=VB:source=lexicon_151211_Halil:priorpolarity=positive
unequivocally:pos=RB:source=lexicon_151211_Halil:priorpolarity=positive
unequivocal:pos=JJ:source=lexicon_151211_Halil:priorpolarity=positive
perception:pos=NN:source=lexicon_151211_Halil:priorpolarity=positive
consider:pos=VB:source=lexicon_151211_Halil:priorpolarity=positive
sure:pos=JJ:source=lexicon_151211_Halil:priorpolarity=positive
guarantee:pos=VB:source=lexicon_151211_Halil:priorpolarity=positive
guarantee:pos=NN:source=lexicon_151211_Halil:priorpolarity=positive
aware:pos=JJ:source=lexicon_151211_Halil:priorpolarity=positive
undoubtedly:pos=RB:source=lexicon_151211_Halil:priorpolarity=positive
perceive:pos=VB:source=lexicon_151211_Halil:priorpolarity=positive
to our knowledge:pos=VB:source=lexicon_151211_Halil:priorpolarity=positive
to my knowledge:pos=VB:source=lexicon_151211_Halil:priorpolarity=positive
verifiable:pos=JJ:source=lexicon_151211_Halil:priorpolarity=positive
destined:pos=VBN:source=lexicon_151211_Halil:priorpolarity=positive
bound:pos=JJ:source=lexicon_151211_Halil:priorpolarity=neutral
determined:pos=VBN:source=lexicon_151211_Halil:priorpolarity=neutral
must:pos=MD:source=lexicon_151211_Halil:priorpolarity=positive
suggest:pos=VB:source=lexicon_151211_Halil:priorpolarity=positive
suggestion:pos=NN:source=lexicon_151211_Halil:priorpolarity=positive
imply:pos=VB:source=lexicon_151211_Halil:priorpolarity=positive
implication:pos=NN:source=lexicon_151211_Halil:priorpolarity=positive
connote:pos=VB:source=lexicon_151211_Halil:priorpolarity=positive
connotation:pos=NN:source=lexicon_151211_Halil:priorpolarity=positive
infer:pos=VB:source=lexicon_151211_Halil:priorpolarity=positive
inference:pos=NN:source=lexicon_151211_Halil:priorpolarity=positive
deduce:pos=VB:source=lexicon_151211_Halil:priorpolarity=positive
deduction:pos=NN:source=lexicon_151211_Halil:priorpolarity=positive
generalize:pos=VB:source=lexicon_151211_Halil:priorpolarity=positive
generalise:pos=VB:source=lexicon_151211_Halil:priorpolarity=positive
generalization:pos=NN:source=lexicon_151211_Halil:priorpolarity=positive
generalisation:pos=NN:source=lexicon_151211_Halil:priorpolarity=neutral
extrapolate:pos=VB:source=lexicon_151211_Halil:priorpolarity=positive
extrapolation:pos=NN:source=lexicon_151211_Halil:priorpolarity=positive
derivation:pos=NN:source=lexicon_151211_Halil:priorpolarity=positive
derive:pos=VB:source=lexicon_151211_Halil:priorpolarity=positive
estimate:pos=VB:source=lexicon_151211_Halil:priorpolarity=positive
estimate:pos=NN:source=lexicon_151211_Halil:priorpolarity=positive
estimation:pos=NN:source=lexicon_151211_Halil:priorpolarity=positive
gauge:pos=VB:source=lexicon_151211_Halil:priorpolarity=positive
approximate:pos=VB:source=lexicon_151211_Halil:priorpolarity=positive
approximation:pos=NN:source=lexicon_151211_Halil:priorpolarity=positive
judge:pos=VB:source=lexicon_151211_Halil:priorpolarity=positive
judgement:pos=NN:source=lexicon_151211_Halil:priorpolarity=positive
judgment:pos=NN:source=lexicon_151211_Halil:priorpolarity=positive
calculate:pos=VB:source=lexicon_151211_Halil:priorpolarity=positive
calculation:pos=NN:source=lexicon_151211_Halil:priorpolarity=positive
forecast:pos=VB:source=lexicon_151211_Halil:priorpolarity=positive
forecast:pos=NN:source=lexicon_151211_Halil:priorpolarity=positive
conclude:pos=VB:source=lexicon_151211_Halil:priorpolarity=positive
conclusion:pos=NN:source=lexicon_151211_Halil:priorpolarity=positive
reason:pos=VB:source=lexicon_151211_Halil:priorpolarity=positive
appear:pos=VB:source=lexicon_151211_Halil:priorpolarity=positive
appearance:pos=NN:source=lexicon_151211_Halil:priorpolarity=positive
apparent:pos=JJ:source=lexicon_151211_Halil:priorpolarity=positive
apparently:pos=RB:source=lexicon_151211_Halil:priorpolarity=positive
seem:pos=VB:source=lexicon_151211_Halil:priorpolarity=positive
seeming:pos=JJ:source=lexicon_151211_Halil:priorpolarity=positive
seemingly:pos=RB:source=lexicon_151211_Halil:priorpolarity=positive
consistent with:pos=JJ:source=lexicon_151211_Halil:priorpolarity=positive
in agreement with:pos=JJ:source=lexicon_151211_Halil:priorpolarity=positive
decide:pos=VB:source=lexicon_151211_Halil:priorpolarity=positive
mean:pos=VB:source=lexicon_151211_Halil:priorpolarity=positive
suppose:pos=VB:source=lexicon_151211_Halil:priorpolarity=positive
indicate:pos=VB:source=lexicon_151211_Halil:priorpolarity=positive
argue:pos=VB:source=lexicon_151211_Halil:priorpolarity=positive
argument:pos=NN:source=lexicon_151211_Halil:priorpolarity=positive
argumentation:pos=NN:source=lexicon_151211_Halil:priorpolarity=positive
claim:pos=VB:source=lexicon_151211_Halil:priorpolarity=positive
assertion:pos=NN:source=lexicon_151211_Halil:priorpolarity=positive
assert:pos=VB:source=lexicon_151211_Halil:priorpolarity=positive
report:pos=VB:source=lexicon_151211_Halil:priorpolarity=neutral
reportedly:pos=RB:source=lexicon_151211_Halil:priorpolarity=positive
explanation:pos=NN:source=lexicon_151211_Halil:priorpolarity=positive
express:pos=VB:source=lexicon_151211_Halil:priorpolarity=positive
maintain:pos=VB:source=lexicon_151211_Halil:priorpolarity=positive
recognition:pos=NN:source=lexicon_151211_Halil:priorpolarity=positive
signal:pos=VB:source=lexicon_151211_Halil:priorpolarity=positive
recognize:pos=VB:source=lexicon_151211_Halil:priorpolarity=neutral
deliver:pos=VB:source=lexicon_151211_Halil:priorpolarity=neutral
state:pos=VB:source=lexicon_151211_Halil:priorpolarity=neutral
bet:pos=NN:source=lexicon_151211_Halil:priorpolarity=positive
discuss:pos=VB:source=lexicon_151211_Halil:priorpolarity=positive
mention:pos=VB:source=lexicon_151211_Halil:priorpolarity=positive
add:pos=VB:source=lexicon_151211_Halil:priorpolarity=neutral
discovery:pos=NN:source=lexicon_151211_Halil:priorpolarity=positive
write:pos=VB:source=lexicon_151211_Halil:priorpolarity=positive
intimate:pos=VB:source=lexicon_151211_Halil:priorpolarity=positive
find:pos=VB:source=lexicon_151211_Halil:priorpolarity=positive
agree:pos=VB:source=lexicon_151211_Halil:priorpolarity=positive
describe:pos=VB:source=lexicon_151211_Halil:priorpolarity=positive
note:pos=VB:source=lexicon_151211_Halil:priorpolarity=positive
disclose:pos=VB:source=lexicon_151211_Halil:priorpolarity=positive
say:pos=VB:source=lexicon_151211_Halil:priorpolarity=positive
hold:pos=VB:source=lexicon_151211_Halil:priorpolarity=positive
report:pos=NN:source=lexicon_151211_Halil:priorpolarity=positive
news:pos=NN:source=lexicon_151211_Halil:priorpolarity=positive
tell:pos=VB:source=lexicon_151211_Halil:priorpolarity=positive
announce:pos=VB:source=lexicon_151211_Halil:priorpolarity=positive
project:pos=VB:source=lexicon_151211_Halil:priorpolarity=positive
announcement:pos=NN:source=lexicon_151211_Halil:priorpolarity=positive
cable:pos=VB:source=lexicon_151211_Halil:priorpolarity=positive
insist:pos=VB:source=lexicon_151211_Halil:priorpolarity=positive
learn:pos=VB:source=lexicon_151211_Halil:priorpolarity=positive
declare:pos=VB:source=lexicon_151211_Halil:priorpolarity=positive
warn:pos=VB:source=lexicon_151211_Halil:priorpolarity=positive
rumor:pos=VB:source=lexicon_151211_Halil:priorpolarity=positive
rumor:pos=NN:source=lexicon_151211_Halil:priorpolarity=positive
signal:pos=NN:source=lexicon_151211_Halil:priorpolarity=positive
grant:pos=VB:source=lexicon_151211_Halil:priorpolarity=positive
remember:pos=VB:source=lexicon_151211_Halil:priorpolarity=positive
confident:pos=JJ:source=lexicon_151211_Halil:priorpolarity=positive
remark:pos=NN:source=lexicon_151211_Halil:priorpolarity=positive
plead:pos=VB:source=lexicon_151211_Halil:priorpolarity=positive
surprise:pos=VB:source=lexicon_151211_Halil:priorpolarity=positive
surprised:pos=VBN:source=lexicon_151211_Halil:priorpolarity=positive
warning:pos=NN:source=lexicon_151211_Halil:priorpolarity=
feeling:pos=NN:source=lexicon_151211_Halil:priorpolarity=positive
testify:pos=VB:source=lexicon_151211_Halil:priorpolarity=positive
dream:pos=VB:source=lexicon_151211_Halil:priorpolarity=positive
quote:pos=VB:source=lexicon_151211_Halil:priorpolarity=positive
declaration:pos=NN:source=lexicon_151211_Halil:priorpolarity=positive
affirmation:pos=NN:source=lexicon_151211_Halil:priorpolarity=positive
divulge:pos=VB:source=lexicon_151211_Halil:priorpolarity=positive
yell:pos=VB:source=lexicon_151211_Halil:priorpolarity=positive
reassure:pos=VB:source=lexicon_151211_Halil:priorpolarity=positive
affirm:pos=VB:source=lexicon_151211_Halil:priorpolarity=positive
supposition:pos=NN:source=lexicon_151211_Halil:priorpolarity=positive
postulate:pos=VB:source=lexicon_151211_Halil:priorpolarity=positive
reported:pos=JJ:source=lexicon_151211_Halil:priorpolarity=neutral
pronounce:pos=VB:source=lexicon_151211_Halil:priorpolarity=positive
recapitulate:pos=VB:source=lexicon_151211_Halil:priorpolarity=positive
approximately:pos=RB:source=lexicon_151211_Halil:priorpolarity=neutral
at least:pos=IN:source=lexicon_151211_Halil:priorpolarity=neutral
around:pos=IN:source=lexicon_151211_Halil:priorpolarity=neutral
essentially:pos=RB:source=lexicon_151211_Halil:priorpolarity=neutral
basically:pos=RB:source=lexicon_151211_Halil:priorpolarity=neutral
generally:pos=RB:source=lexicon_151211_Halil:priorpolarity=neutral
in general:pos=IN:source=lexicon_151211_Halil:priorpolarity=neutral
often:pos=RB:source=lexicon_151211_Halil:priorpolarity=neutral
largely:pos=RB:source=lexicon_151211_Halil:priorpolarity=neutral
mostly:pos=RB:source=lexicon_151211_Halil:priorpolarity=neutral
most:pos=RB:source=lexicon_151211_Halil:priorpolarity=neutral
most:pos=JJ:source=lexicon_151211_Halil:priorpolarity=neutral
much:pos=RB:source=lexicon_151211_Halil:priorpolarity=neutral
reasonably:pos=RB:source=lexicon_151211_Halil:priorpolarity=neutral
moderately:pos=RB:source=lexicon_151211_Halil:priorpolarity=neutral
fairly:pos=RB:source=lexicon_151211_Halil:priorpolarity=neutral
virtually:pos=RB:source=lexicon_151211_Halil:priorpolarity=neutral
usually:pos=RB:source=lexicon_151211_Halil:priorpolarity=neutral
commonly:pos=RB:source=lexicon_151211_Halil:priorpolarity=neutral
normally:pos=RB:source=lexicon_151211_Halil:priorpolarity=neutral
broadly:pos=RB:source=lexicon_151211_Halil:priorpolarity=neutral
loosely:pos=RB:source=lexicon_151211_Halil:priorpolarity=neutral
may:pos=MD:source=lexicon_151211_Halil:priorpolarity=positive
might:pos=MD:source=lexicon_151211_Halil:priorpolarity=positive
could:pos=MD:source=lexicon_151211_Halil:priorpolarity=positive
propose:pos=VB:source=lexicon_151211_Halil:priorpolarity=positive
proposal:pos=NN:source=lexicon_151211_Halil:priorpolarity=positive
proposition:pos=NN:source=lexicon_151211_Halil:priorpolarity=positive
speculate:pos=VB:source=lexicon_151211_Halil:priorpolarity=positive
speculation:pos=NN:source=lexicon_151211_Halil:priorpolarity=positive
speculative:pos=JJ:source=lexicon_151211_Halil:priorpolarity=positive
conjecture:pos=VB:source=lexicon_151211_Halil:priorpolarity=positive
conjecture:pos=NN:source=lexicon_151211_Halil:priorpolarity=positive
predict:pos=VB:source=lexicon_151211_Halil:priorpolarity=positive
prediction:pos=NN:source=lexicon_151211_Halil:priorpolarity=positive
hypothesis:pos=NN:source=lexicon_151211_Halil:priorpolarity=positive
hypothesize:pos=VB:source=lexicon_151211_Halil:priorpolarity=positive
theorize:pos=VB:source=lexicon_151211_Halil:priorpolarity=positive
theory:pos=NN:source=lexicon_151211_Halil:priorpolarity=positive
theorization:pos=NN:source=lexicon_151211_Halil:priorpolarity=positive
suspect:pos=VB:source=lexicon_151211_Halil:priorpolarity=positive
suspicion:pos=NN:source=lexicon_151211_Halil:priorpolarity=positive
surmise:pos=VB:source=lexicon_151211_Halil:priorpolarity=positive
surmise:pos=NN:source=lexicon_151211_Halil:priorpolarity=positive
hint:pos=VB:source=lexicon_151211_Halil:priorpolarity=positive
hint:pos=NN:source=lexicon_151211_Halil:priorpolarity=positive
remain:pos=VB:source=lexicon_151211_Halil:priorpolarity=positive
guess:pos=VB:source=lexicon_151211_Halil:priorpolarity=positive
guess:pos=NN:source=lexicon_151211_Halil:priorpolarity=positive
opine:pos=VB:source=lexicon_151211_Halil:priorpolarity=positive
opinion:pos=NN:source=lexicon_151211_Halil:priorpolarity=positive
imagine:pos=VB:source=lexicon_151211_Halil:priorpolarity=positive
venture:pos=VB:source=lexicon_151211_Halil:priorpolarity=positive
reckon:pos=VB:source=lexicon_151211_Halil:priorpolarity=positive
feel:pos=VB:source=lexicon_151211_Halil:priorpolarity=positive
claim:pos=NN:source=lexicon_151211_Halil:priorpolarity=positive
possibly:pos=RB:source=lexicon_151211_Halil:priorpolarity=positive
possible:pos=JJ:source=lexicon_151211_Halil:priorpolarity=positive
feasible:pos=JJ:source=lexicon_151211_Halil:priorpolarity=positive
possibility:pos=NN:source=lexicon_151211_Halil:priorpolarity=positive
probably:pos=RB:source=lexicon_151211_Halil:priorpolarity=positive
probable:pos=JJ:source=lexicon_151211_Halil:priorpolarity=positive
probability:pos=NN:source=lexicon_151211_Halil:priorpolarity=positive
likely:pos=JJ:source=lexicon_151211_Halil:priorpolarity=positive
likely:pos=RB:source=lexicon_151211_Halil:priorpolarity=positive
likelihood:pos=NN:source=lexicon_151211_Halil:priorpolarity=positive
perhaps:pos=RB:source=lexicon_151211_Halil:priorpolarity=positive
maybe:pos=RB:source=lexicon_151211_Halil:priorpolarity=positive
in theory:pos=IN:source=lexicon_151211_Halil:priorpolarity=positive
purport:pos=VB:source=lexicon_151211_Halil:priorpolarity=positive
purportedly:pos=RB:source=lexicon_151211_Halil:priorpolarity=positive
conceivable:pos=JJ:source=lexicon_151211_Halil:priorpolarity=positive
hypothetical:pos=JJ:source=lexicon_151211_Halil:priorpolarity=positive
will:pos=MD:source=lexicon_151211_Halil:priorpolarity=positive
would:pos=MD:source=lexicon_151211_Halil:priorpolarity=positive
supposedly:pos=RB:source=lexicon_151211_Halil:priorpolarity=positive
believe:pos=VB:source=lexicon_151211_Halil:priorpolarity=positive
belief:pos=NN:source=lexicon_151211_Halil:priorpolarity=positive
assume:pos=VB:source=lexicon_151211_Halil:priorpolarity=positive
assumption:pos=NN:source=lexicon_151211_Halil:priorpolarity=positive
presume:pos=VB:source=lexicon_151211_Halil:priorpolarity=positive
presumption:pos=NN:source=lexicon_151211_Halil:priorpolarity=positive
presumably:pos=RB:source=lexicon_151211_Halil:priorpolarity=positive
tend:pos=VB:source=lexicon_151211_Halil:priorpolarity=positive
tendency:pos=NN:source=lexicon_151211_Halil:priorpolarity=positive
incline:pos=VB:source=lexicon_151211_Halil:priorpolarity=positive
inclination:pos=NN:source=lexicon_151211_Halil:priorpolarity=positive
expect:pos=VB:source=lexicon_151211_Halil:priorpolarity=positive
expectation:pos=NN:source=lexicon_151211_Halil:priorpolarity=positive
anticipate:pos=VB:source=lexicon_151211_Halil:priorpolarity=positive
anticipation:pos=NN:source=lexicon_151211_Halil:priorpolarity=positive
think:pos=VB:source=lexicon_151211_Halil:priorpolarity=positive
thought:pos=NN:source=lexicon_151211_Halil:priorpolarity=positive
putative:pos=JJ:source=lexicon_151211_Halil:priorpolarity=positive
assurance:pos=NN:source=lexicon_151211_Halil:priorpolarity=positive
trust:pos=VB:source=lexicon_151211_Halil:priorpolarity=positive
admit:pos=VB:source=lexicon_151211_Halil:priorpolarity=positive
persuade:pos=VB:source=lexicon_151211_Halil:priorpolarity=positive
convince:pos=VB:source=lexicon_151211_Halil:priorpolarity=positive
convinced:pos=VBN:source=lexicon_151211_Halil:priorpolarity=positive
assure:pos=VB:source=lexicon_151211_Halil:priorpolarity=positive
foresee:pos=VB:source=lexicon_151211_Halil:priorpolarity=positive
presumed:pos=VBN:source=lexicon_151211_Halil:priorpolarity=positive
presuppose:pos=NN:source=lexicon_151211_Halil:priorpolarity=positive
take as gospel:pos=NN:source=lexicon_151211_Halil:priorpolarity=positive
expected:pos=VBN:source=lexicon_151211_Halil:priorpolarity=positive
supposed:pos=VBN:source=lexicon_151211_Halil:priorpolarity=positive
supposed:pos=JJ:source=lexicon_151211_Halil:priorpolarity=positive
if:pos=IN:source=lexicon_151211_Halil:priorpolarity=neutral
enough:pos=JJ:source=lexicon_151211_Halil:priorpolarity=positive
can:pos=MD:source=lexicon_151211_Halil:priorpolarity=positive
ca:pos=MD:source=lexicon_151211_Halil:priorpolarity=negative
can't:pos=MD:source=lexicon_151211_Halil:priorpolarity=negative
cannot:pos=MD:source=lexicon_151211_Halil:priorpolarity=negative
potentially:pos=RB:source=lexicon_151211_Halil:priorpolarity=positive
incapable:pos=JJ:source=lexicon_151211_Halil:priorpolarity=negative
capable:pos=JJ:source=lexicon_151211_Halil:priorpolarity=positive
able:pos=JJ:source=lexicon_151211_Halil:priorpolarity=positive
unable:pos=JJ:source=lexicon_151211_Halil:priorpolarity=negative
