absence
absent
aren't
confiscate
contradict
contradiction
contradictory
contradictory
contravene
devolve
didn't
disagree
disagreeable
disagreeably
disagreement
disown
dispel
diverge
doesn't
don't
hadn't
hasn't
interdict
isn't
lack
lack
miss
n't
negate
negation
negative
negatively
neglect
neither
never
nix
no
no
no longer
nobody
non
none
nor
not
nothing
occlude
occlude
omit
opposite
oppress
prohibitive
prohibitively
proscribe
repudiate
repudiation
unabashed
unabashedly
unacceptable
unacceptablely
unaccustomed
unassailable
unattractive
unaudited
unauthentic
unavailable
unavoidable
unavoidably
unbearable
unbearablely
unbelievable
unbelievably
unbiased
unbiased
unbosom
unbound
unbroken
uncivil
uncivilized
unclean
uncollectible
uncomfortable
uncommon
uncommonly
uncompetitive
uncompromising
uncompromisingly
unconcerned
unconditional
unconditional
unconfirmed
uncontrolled
uncontrolled
unconventional
unconvincing
unconvincingly
uncouth
undaunted
undecided
undefined
undependability
undependable
underdog
underestimate
underpaid
undesirable
undignified
undocumented
undone
undue
unease
uneasily
uneasiness
uneasy
uneconomical
unencumbered
unequal
unequal
unethical
uneven
uneventful
unexpected
unexpectedly
unexplained
unfaithful
unfaithfully
unfamiliar
unfavorable
unfeeling
unfettered
unfinished
unfit
unforeseen
unforgettable
unfounded
unfriendly
unfulfilled
unfunded
ungovernable
ungrateful
unhappily
unhappiness
unhealthy
unilikely
unimaginable
unimaginably
uninformed
uninsured
unjust
unjustifiable
unjustifiably
unjustified
unjustly
unkind
unkindly
unlawful
unlawfully
unlawfulness
unleash
unlicensed
unlimited
unluckiest
unlucky
unmoved
unnatural
unnatural
unnaturally
unnecessary
unnerve
unnerved
unnerving
unnervingly
unnoticed
unobserved
unorthodox
unorthodoxy
unparalleled
unpleasant
unpleasantries
unpopular
unprecedent
unprecedented
unpredictable
unpretentious
unproductive
unprofitable
unqualified
unquantifiable
unquestionably
unravel
unraveled
unrealistic
unreasonable
unreasonably
unrelenting
unrelentingly
unreliability
unresolved
unrest
unrestricted
unruly
unsafe
unsatisfactory
unsavory
unscathed
unscrupulous
unscrupulously
unseemly
unselfish
unsettle
unsettled
unsettling
unsettlingly
unskilled
unsophisticated
unsound
unspeakable
unspeakablely
unspecified
unstable
unsteadily
unsteadiness
unsteady
unsupported
unsuspecting
unsustainable
untenable
untested
untested
unthinkable
unthinkably
untimely
untouched
untrained
untrustworthy
untruthful
unwanted
unwarranted
unwavering
unwieldy
unwise
unwisely
unworkable
unworthy
unyield
unyielding
weren't
without