abate
abolish
abort
abrade
abrogate
accelerate
acclimatize
accouter
accumulate
accustom
acidify
activate 
act 
actualize
actuate
adapt
addle
adjust
admit
adorn 
adulterate
advance 
advantage
affect
afforest
age
aggravate
aggregate
agitate
ail
aim 
aircondition
airdrop
airlift
airmail  
alarm
alert
alienate
align 
allay
alleviate
allocate 
allot 
allow 
alloy
alter
amaze
ameliorate
amend
americanize
amplify
amputate
amuse
anesthetize
anger
angle
anglicize
anneal
annihilate
annoy
annul
anodize
anoint 
antagonize
appall
arch
arm
arouse 
arrange
array
arrest
asphyxiate
assassinate
assemble
assuage
assure
astound
atomize
atrophy
attach 
attenuate
attire
attract
augment
automate
avert
avoid
awake
awaken
award 
awe 
axe
back
baffle
bag
bail 
bake 
balance
balk 
balkanize
bamboozle 
bandage
bang 
banish 
bank
bankrupt
baptize 
bar
barbarize
bark
barricade
bastardize
beach
bear
beat 
beautify
bedaub
bedeck
beef 
befoul
befuddle
beget
beggar
begin
behead
belief
bend
bequeath 
berth
besmear 
bestow 
better
bevel
bias
bind 
bioengineer
bisect
black 
blacken
blackmail
blanch
blast 
blazon 
bleach
blemish
blight
blind
blister
blocakade
block
blot
blow 
blow-dry
bludgeon 
blung 
blunt
blur
board
boil
bollocks 
bond
bone
boost
boot 
bore
bottle 
bounce 
bowl 
box 
braid 
brainwash
brake
breach
break 
brew
bribe 
brick 
bridge
bridle
brighten
bring 
broaden
broil
bronze
browbeat 
brown
bruise
brutalize
buckle
budge
bugger up
build 
bump 
bunch
bundle 
bung 
buoy 
bureaucratize
burn  
burrow
burst 
bury
bust
butcher
butter
button
cage
cajole 
cake 
calcify
calibrate
call 
calm
can
canalize
cancel
canonize
cant
canter
cap 
capsize
caption
carbonize
carpet
cart 
cartelize
cashier
cast
castrate
catalyze
catapult
cause
cede 
cement
center
chafe
chagrin
chain 
change
channel 
chap
char
chase 
cheapen
chill
chime
chip
chisel
chloroform
choke 
chop 
christen 
chuch 
chuck 
churn 
circulate
circumscribe
civilianize
civilize 
clack
clang
clank
clap 
clarify
clash
clasp 
clatter
clean 
cleanse 
clear
cleave
clink
clip 
clog
close
clot
cloud
clump
cluster
clutter
coagulate
coarsen
coat
coax 
cobble
cock 
coerce  
cofound
coil
coin
collect
collectivize
colonize
color  
colorize
comb
combine
comfort
commence
compel 
compile
complete
complicate
compose
compost
compound
compress
computerize
con 
concatenate
conceal
concentrate 
conclude
concoct
concrete
concuss
condemn 
condense
condition
confederate
confer 
confine
conflate
confuse
congeal
conjoin
conjure
connect
conscript
consecrate
consign
consolidate
constitute
constrain 
constrict
construct
consummate
containerize
contaminate
content
continue 
contort
contour
contract
contrive
convene
convert 
convince
convoke
convulse
cool
core
cork
corral
correct
corrode
corrupt
couple
cover
cow
crack 
crackle
craft
cram 
cramp
crank
crash
crash-land
crate
crayon
cream
crease
create
creosote
crick
criminalize
crimson
crinkle
cripple
crisp
crochet
crook
cross
crossbreed
cross-fertilize
crowd 
crown 
crucify
crumble
crumple
crurdle
crush
crystallize
cube
curb
cure 
curl
curry
curtail
curtain
curtain 
curve
cut 
damage
damp  
dampen
dance 
dangle
darken
dart 
dash 
daunt
daze
dazzle
deactivate
deaden 
deafen
deal
debar 
debase
debeak
debilitate
debone
decapitate
decay
deceive 
decelerate
decentralize
decide
decimate
deck 
declassify
declaw
decollectivize
decolonize
decommission
decompose
decompress
decorate 
decoy 
decrease
deepen
de-escalate
deface
defeat
defeminize
defer
defile
deflate
deflect
deform
defrock
defrost
defuse
degrade
dehumidify
dehydrate
de-ice
delay
delegate 
delegitimize
delete
delight
deliver 
delude 
deluge
demagnetize
demilitarize
demist
demobilize
democratize
demolish
demoralize
demote
demotivate
demystify
denationalize
dent
denuclearize
denude
deny 
departmentalize
deplete
depoliticize
depopulate
deport
depose
deposit 
deprave
depress
depressurize
deprive 
derail
desalinate
descale
desegregate
desiccate
desolate
dessensitize
destabilize
destroy
detach
detail 
detain
deter
determine 
dethrone
detonate
detoxify
devalue
devastate
develop 
devitalize
dibble
dice
diffract
diffuse
dig 
dilate
dilute
dim
diminish
dip
dirty
disable 
disabuse
disafforest
disappoint
disarm
disarrange
disband
disbar
discharge
discolor
discomfit
discommode
discompose
disconcert
disconnect
discontent
discontinue
disembark
disembowel
disengage
disentangle
disfigure
disguise
disgust
dish
dishearten
disillusion
disintegrate
disinter
dislocate
dislodge
dismantle
dismast
dismay
dismember
dismiss
disorder
disoriente
dispatch
dispel
disperse
displace
displease
dispose 
dispossess
disqualify 
disquiet
disrupt
dissipate
dissolve
dissuade
distend
distil
distort
distract
distress
disturb
disunite
diversify
divert
divest 
divide
do 
dock
doctor
doll 
domesticate 
doom 
dose
dot
double
dovetail
down
downgrade
download 
downsize
draft
drag 
dragon 
drain
drape 
draw 
dredge 
drench
dress 
drift
drip
drive 
drop 
drown
drum 
dry 
dub 
duck
dull
dumbfound
dupe 
dwarf
dye  
dynamite
ease 
edge 
edit 
efface
effect
effectuate
eject
elasticize
electrify
electrocute
electrogalvanize
electroplate
elevate 
eliminate
elongate
emancipate
emasculate
embarrass
embed 
embellish
embitter
emblazon 
embolden 
emboss 
embroil
empanel
empower
empty 
emulsify
emulsion
enable 
enact
enamel
encapsulate
encase
enchant
enclose
end
endanger
endear 
endow
energize
enervate
enfeeble
enforce
enfranchise
engage
engender
engineer
enhance
enlarge
enlighten
enlist
enliven
ennoble
enrage
enrapture
enrich
enshroud 
enslave
ensure  
entangle
entertain
enthrone
enthuse
entice 
entitle 
entomb
entrain
entwine
envelop 
equip
eradicate
erase
erect 
erode 
escalate
establish
estrange
etherialize
evaporate
eventuate 
evict
eviscerate
evoke
exacerbate
exasperate
excavate
excise
excite 
excommunicate
execute
exercise
exhaust
exhilirate
exhume
exile
exorcise
expand
expatriate
expedite
expel
explode
express
expunge
extend
extenuate
exterminate
extinguish
extirpate
extract
extradiate
extricate
exude
fabricate
facilitate
factionalize
fade
falsify
familiarize
fan
fanaticize
fashion
fasten
fatigue
fatten
faze
feather
federalize
federate
feed 
fell
feminize
fence 
ferment
ferry 
fertilize
festoon 
fetter
fidget
fight 
fighten
file
fill 
fillet
filter 
finalize
fine 
finish 
fireproof
firm
fish 
fit 
fix 
flag 
flap
flare
flatten 
flavor
flaw
fleck
flick
flicker
fling
flip
float 
flood 
floodlight
floor
flour
fluctuate
fluidize
fluoridate
flurry
flush 
fluster
flute
fly
fob 
focus
fog
foil
foist 
fold
foment
fool 
force
foreshorten
forge
form
formulate
fortify
forward 
fossilize
foster
foul 
found
fracture
fragment
franchise
fray
free 
freeze
freeze-dry
freight
fret
frighten 
frizz
frogmarch
frost 
fructify 
frustrate
fuck 
fuddle
fuel
funnel 
fur
furl
furnish
furrow
further
fuse
fustrate
fuzz
gag
gall
gallop
galvanize
galvanize 
garage
garland
garnish
garrotte
gas
gash
geld
generate
germinate
get
gift-wrap
gild
ginger 
gird
give 
gladden 
glaze
globalize
glue
goad 
gouge 
graft 
grant 
grass
gravel
graze
grease
grieve
grind 
gripe
grit
ground
group
guillotine
gum 
gun 
gut
habituate 
hallmark
halt
halve
hamper
hamstring
hand 
handcuff
hang
harden
harm
harmonize
harness
hasten
hatch 
haul
have 
head 
headline
heal
heap 
hearten
heat
heave 
hedge
heel
heighten
hem
herd 
hew
hide
high-pressure 
hike
hinder 
hinge
historicize
hit 
hitch 
hobble
hoist
hold 
hole 
hollow 
homogenize
hone
honk
hoodwink 
hook 
hoot
horrify
humanize
humble
humidify
humiliate
hump 
hurl
hurry 
hurt
hush 
hustle 
hypnotize
ice
idle
ignite
illegalize
illustrate
immerse
immobilize
immunize
immure
impact
impair
impede
impel 
implement
import
impose
impoverish
impregnate
impringe 
imprint 
imprison
improve
inaugurate
incapacitate
incarcerate
incense
inch
incinerate
incite 
include 
increase
inculate 
indent 
induce 
industrialize
inebriate
infect
inflame
inflate
inflect
infuriate
infuse 
inhibit
initiate
inject 
injure
ink 
input 
insert 
inset
insinuate 
inspire 
install 
instigate
instil
institute
institutionalize
integrate
intensify
interbreed
interest 
interlace
interlink
interlock
intern
internationalize
interpose 
intersperse 
intertwine
interweave
intimidate
intoxicate 
introduce 
inure 
invalidate
inveigle 
invent
invert
invest 
invigorate
ionize
iron 
irradiate
irritate
isolate
jack 
jail
jam 
jangle
japan
jar
jazz 
jet
jettison
jig
jiggle
jingle
jockey 
joggle
join
jolly 
jolt
juice 
jumble
keep 
kennel
kick 
kill  
kindle
knight
knit
knock 
knot
label  
lace
lacerate
lacquer
ladder
lag
lame
laminate
land
lard
lash
lash 
latch
lather
launch
lay 
leach
lead 
league
leave 
leaven
legalize
legitimize 
lend 
lengthen
lessen
let 
level
lever
levitate
liberalize
liberate
lift
light
lighten
lime
limit
line
link
liquefy
liquidate
liquidize
lithograph
litter 
load
loan 
lob
lobotomize
localize
locate 
lock
lodge 
loll
loop
loose
loosen
lose 
louse 
lower
lug 
lull
lure 
macerate
machine
madden
magnetize
magnify
maim
maintain
make
malt
mandate
maneuver 
mangle
manufacture
manure
march 
marginalize
mark 
maroon
marry 
martyr
mash
massacre
mass-produce
mate
materialize
mature
maximize
mediate
mellow
melt 
mend
merge
mesmerize
mess 
metal
metallize
metamorphose
mete 
militarize
mince
mineralize
minimize
mint
mire
mislead
mist
mitigate
mix
mobilize
moderate
modernize
modify
modularize
moisten
moisturize
mollify
moor
mop 
motorize
mould
move
mow 
muck 
muddle
muddy
muffle
mulch
multiply
mummify
murder
muss
muster
mutilate
muzzle
mystify
nail 
name 
narcotize
nark
narrow 
naturalize
nauseate
neaten
negate
nest
nestle 
net
nettle
network
neutralize
nibble 
nick
nickel
nobble
nonplus
normalize
nose 
notch
nourish
nudge 
nullify 
numb
number
obfuscate
obligate 
oblige 
obliterate
obstruct
obtrude 
occasion
off
offend
oil
open 
optimize
ordain
originate
ornament 
orphan
ossify
oust
out
outface
outfit
outlaw
outrage
overawe
overbalance
overburden
overcome
overcrowd
overdevelop
overlie
overpower
overturn
overwhelm
oxidize
pacify 
pack 
package
paddle
pain
paint 
pair
palliate
pan
panel
panic
paper
parachute 
parade
paralyse
parcel 
parch
park 
parole
part
partition 
passive
paste 
pasture
patch
pattern
pauperize
peal
peel 
peeve
peg
pen 
pension 
pep 
perch 
percolate
perfect
perforate
perfume 
perish
perm
permit
permute
perpetuate
perplex
persuade
perturb
pervert
petrify
phase 
picklet 
pile 
pin
pinion
pipe
pique
pit
pitch
pivot
placard
placate
place 
plait 
plant 
plaster 
plasticize
plate
play 
please
pleat
plonk 
plough
pluck
plug
plump 
plunge 
pocket
point 
poise 
poison
polarize
poleaxe
polish
politicize
pollute
pop 
popularize
pose
position 
post  
postpone
pot
pound
pour 
powder
precipitate 
preempt
prefabricate
preheat
prejudice 
prepack
prepare
present
preserve 
pressgang 
prettify
prevent 
prick
prickle
prime
print
privatize
proceed 
procreate
produce
prohibit 
project
prolong
promote
prompt
propagate
propel
prorogue
prostrate
protect
protract
provision
provoke
psych 
pucker
pull 
pulp
pulverize
puncture
puree
purify
push 
put 
putrefy
puzzle
quadruple
quarantine
quarter
queen
quell
quench
quicken
quieten
race 
rack
radicalize
raft
railroad 
rain 
raise
rally
ramify
ransom
ratify
rationalize
rattle
ravage
ravel
ravish
raze
reactivate
ready 
reafforest
ream
reanimate
rearm
rearrange
reason 
reassure
rebind
rebuild 
recall
recess
recharge
reconcile 
recondition
reconstitute
reconstruct
re-cover
recreate
rectify
redden
redecorate
redeem
redouble
redress
reduce 
reduplicate
reecho
reelect
reface
refill
refine
reflate
reform
refract
refresh
refuel
regenerate
regionalize
regroup
regularize
rehabilitate
rehearse
rehouse
rein 
reincarnate
reinforce
reinstate
rejoin
rejuvenate
rekindle
relax
relay
release
relegate
relieve
reline
relocate
remake
remedy
remit  
remodel
remould 
remount
remove
rename
rend
render 
renovate
reopen
repair 
repatriate
repeal
repel
replenish
repose 
repress
repulse
rerun
rescind
rescue 
reset
rest 
restore 
restrain 
restrict
result 
resurface
resurrect
resuscitate
retard
retire
retract
retread
reunite
rev
revalue
revamp
reveal
reverse
revitalize
revive 
revivify
revoke
revolt
revolutionize
revolve
reward
rewire
rid 
ridge
rifle
rig
right
rile
ring
rinse 
rip  
ripen
ripple
rivet
robe
roboticize
robotize
rock
roll  
roof
root 
rope 
rot
rotate
rouge
rough 
round
rouse 
rout 
route 
row 
rub 
rubberize
ruffle
ruin 
rumple
run
rupture
ruralize
rush 
rust
rusticate
rustle
rustproof
rut
sabotage
sack
sadden
saddle
safeguard
sail
salt
salve
sanctify
sand
sandbag
sandwich
sanitize
sap
saturate
save
scald 
scale
scallop
scar
scare
scarify
scatter 
scorch
scrape 
scratch 
screen 
screw 
scroll
sculpture
scupper
scuttle
scythe
seal 
secrete
sectorize
secularize
secure
sedate
seduce 
segment
sell 
sellotape
send  
sensitize
seperate
set 
settle  
sever
sew 
shade
shadow
shake
shame 
shanghai 
sharpen
shatter
shear
sheathe
shed
shell
shelter
shelve 
shift
ship 
shipwreck 
shit
shock
shoe
shoo
shoot 
short-circuit
shorten
shove 
shower 
shred
shrink
shrivel
shuck
shunt  
shuttle 
sicken
sidetrack
silence
silver
simplify
sink
siphon
sit 
site 
situate 
skew
skim
skin
slacken
slam 
slant
slap 
slash
slate
slaughter
slay
sleek
slew
slice
slick 
slide
slim
sling 
slip 
slop
slot 
slow
smart
smash
smear
smelt
smoke 
smooth
smother 
smudge
snake 
snap
snick
snuff 
soak 
soap
sober
soften 
soft-soap 
soil
solace
solder
solemnize
solidify
soothe
sop 
soundproof
soup 
sour
souse
spangle
spark 
spatter 
spawn
spay
spew 
spice
spike
spill
spin 
splash 
splat
splay
splinter
split 
spoil
sponge
spook
spoon 
spout
spray
spread
sprinkle 
sprout
spur
spurt
square
squash 
squirt
stabilize
stable
stack
stage
stagger
stain 
stake
stalemate
stall
stamp 
stampede
stand 
standardize
staple
starch
stare 
start
startle
starve
station 
staunch
stave 
steady
steep 
steepen
stem
step 
sterilize
stick 
stiffen
stifle
still
stimulate
sting
stink 
stir 
stitch 
stockade
stonewall
stop 
stopper
store 
stow 
straighten 
strangle
strangulate
strap
streak
streamline
strengthen
stretch
strew 
strike 
string 
strip  
stub 
stuck 
stud
stuff 
stultify
stun 
stunt
stupefy 
stymie
subdivide
subject 
subjugate
sublimate
submerge
suborn
suck
suffer 
suffocate
sugar
sully
sunder
supercharge 
supercool
superheat
supply 
suppress
surface
surprise
suspend 
sustain 
swaddle
swallow
sway
sweep 
sweeten
sweet-talk
swell
swing 
swirl 
swish
swivel
synchronize 
syndicate
synthesize
tack
tag
tailor 
taint
take 
talk 
tan
tangle
tantalize
tape
taper
tar
target 
tarmac
tarnish
tart 
tattoo 
tauten
tear 
tease 
telescope
tenderize
tense
terminate
terrify
terrorize 
tether
thatch
thaw
thicken
thin
thrill
throw  
thwart
ticket
tidy
tie 
tighten
tile
tilt
tin 
ting
tinkle
tint
tip
tire 
tire  
titillate
toast
tolerate
toll
tone 
tool
toot
top 
topple
torment
torture
toss 
touch 
toughen
tousle
tow
tranquillize 
transfer
transfigure
transfix
transform
transistorize
transmit 
transmogrify
transmute
transplant
transport
transpose
trap 
trash
traumatize
treble
trick 
trigger
trim
trip
triple
trot
trouble
truck 
truncate
trundle 
truss
tuck
tunnel
turf 
turn 
twang
twine
twirl 
twist 
twitch
ulcerate
unbalance
unbar
unbend
unbind
unbuckle
unburden 
unbutton
unchain
unclip
uncork
uncouple
uncover
undermine
undo
undress
unearth
unfasten
unfold
unfurl 
unhinge
unhook
unhorse
unify
unionize
unite
unlatch
unleash
unlock
unloose
unloosen
unnerve
unpack
unpick
unplift
unplug
unproot
unravel
unroll
unsaddle
unscrew
unseal
unseat
unsettle
unshackle
unsheathe
unstop
untangle
untie
unveil
unwind
unwrap
unzip
up
update
upend
upgrade
upholster
uplift
upload 
uproot
upset
urbanize
urge 
vaccinate
validate
vandalize
vaporize
varnish 
veil
veneer
vest 
veto
vex
vibrate
visa
vitrify
void
vote 
vulcanize
waft 
waggle
wake 
waken
walk 
wall 
wallpaper
ward 
warm 
warp
waste
water 
waterproof
wax
weaken
wear 
weary
weatherproof
weave
wedge
weed
weight
weld
wet
wheel
whet
whip 
whirl 
whisk 
whiten
whitewash
whittle
widen
wiggle
wilt
winch
wind
wing
wipe 
wire
withdraw
wither
wobble
work 
worm 
worry 
worsen
wound
wow
wrap  
wreak
wreck
yellow
yoke
zap 
zip 
zone

